Component: ARM Compiler 5.06 update 5 (build 528) Tool: armlink [4d35e2]

==============================================================================

Section Cross References

    stm32l0538_discovery.o(i.BSP_LED_Init) refers to stm32l0xx_hal_gpio.o(i.HAL_GPIO_Init) for HAL_GPIO_Init
    stm32l0538_discovery.o(i.BSP_LED_Init) refers to stm32l0xx_hal_gpio.o(i.HAL_GPIO_WritePin) for HAL_GPIO_WritePin
    stm32l0538_discovery.o(i.BSP_LED_Init) refers to stm32l0538_discovery.o(.constdata) for .constdata
    stm32l0538_discovery.o(i.BSP_LED_Init) refers to stm32l0538_discovery.o(.data) for .data
    stm32l0538_discovery.o(i.BSP_LED_Off) refers to stm32l0xx_hal_gpio.o(i.HAL_GPIO_WritePin) for HAL_GPIO_WritePin
    stm32l0538_discovery.o(i.BSP_LED_Off) refers to stm32l0538_discovery.o(.constdata) for .constdata
    stm32l0538_discovery.o(i.BSP_LED_Off) refers to stm32l0538_discovery.o(.data) for .data
    stm32l0538_discovery.o(i.BSP_LED_On) refers to stm32l0xx_hal_gpio.o(i.HAL_GPIO_WritePin) for HAL_GPIO_WritePin
    stm32l0538_discovery.o(i.BSP_LED_On) refers to stm32l0538_discovery.o(.constdata) for .constdata
    stm32l0538_discovery.o(i.BSP_LED_On) refers to stm32l0538_discovery.o(.data) for .data
    stm32l0538_discovery.o(i.BSP_LED_Toggle) refers to stm32l0xx_hal_gpio.o(i.HAL_GPIO_TogglePin) for HAL_GPIO_TogglePin
    stm32l0538_discovery.o(i.BSP_LED_Toggle) refers to stm32l0538_discovery.o(.constdata) for .constdata
    stm32l0538_discovery.o(i.BSP_LED_Toggle) refers to stm32l0538_discovery.o(.data) for .data
    stm32l0538_discovery.o(i.BSP_PB_GetState) refers to stm32l0xx_hal_gpio.o(i.HAL_GPIO_ReadPin) for HAL_GPIO_ReadPin
    stm32l0538_discovery.o(i.BSP_PB_GetState) refers to stm32l0538_discovery.o(.constdata) for .constdata
    stm32l0538_discovery.o(i.BSP_PB_GetState) refers to stm32l0538_discovery.o(.data) for .data
    stm32l0538_discovery.o(i.BSP_PB_Init) refers to stm32l0xx_hal_gpio.o(i.HAL_GPIO_Init) for HAL_GPIO_Init
    stm32l0538_discovery.o(i.BSP_PB_Init) refers to stm32l0xx_hal_cortex.o(i.HAL_NVIC_SetPriority) for HAL_NVIC_SetPriority
    stm32l0538_discovery.o(i.BSP_PB_Init) refers to stm32l0xx_hal_cortex.o(i.HAL_NVIC_EnableIRQ) for HAL_NVIC_EnableIRQ
    stm32l0538_discovery.o(i.BSP_PB_Init) refers to stm32l0538_discovery.o(.constdata) for .constdata
    stm32l0538_discovery.o(i.BSP_PB_Init) refers to stm32l0538_discovery.o(.data) for .data
    stm32l0538_discovery.o(i.EPD_Delay) refers to stm32l0xx_hal.o(i.HAL_Delay) for HAL_Delay
    stm32l0538_discovery.o(i.EPD_IO_Init) refers to stm32l0xx_hal_gpio.o(i.HAL_GPIO_Init) for HAL_GPIO_Init
    stm32l0538_discovery.o(i.EPD_IO_Init) refers to stm32l0xx_hal_gpio.o(i.HAL_GPIO_WritePin) for HAL_GPIO_WritePin
    stm32l0538_discovery.o(i.EPD_IO_Init) refers to stm32l0xx_hal.o(i.HAL_Delay) for HAL_Delay
    stm32l0538_discovery.o(i.EPD_IO_Init) refers to stm32l0538_discovery.o(i.SPIx_Init) for SPIx_Init
    stm32l0538_discovery.o(i.EPD_IO_ReadData) refers to stm32l0xx_hal_gpio.o(i.HAL_GPIO_WritePin) for HAL_GPIO_WritePin
    stm32l0538_discovery.o(i.EPD_IO_ReadData) refers to stm32l0xx_hal_spi.o(i.HAL_SPI_TransmitReceive) for HAL_SPI_TransmitReceive
    stm32l0538_discovery.o(i.EPD_IO_ReadData) refers to stm32l0538_discovery.o(i.SPIx_Error) for SPIx_Error
    stm32l0538_discovery.o(i.EPD_IO_ReadData) refers to stm32l0538_discovery.o(.bss) for .bss
    stm32l0538_discovery.o(i.EPD_IO_WriteData) refers to stm32l0xx_hal_gpio.o(i.HAL_GPIO_WritePin) for HAL_GPIO_WritePin
    stm32l0538_discovery.o(i.EPD_IO_WriteData) refers to stm32l0538_discovery.o(i.SPIx_Write) for SPIx_Write
    stm32l0538_discovery.o(i.EPD_IO_WriteReg) refers to stm32l0xx_hal_gpio.o(i.HAL_GPIO_WritePin) for HAL_GPIO_WritePin
    stm32l0538_discovery.o(i.EPD_IO_WriteReg) refers to stm32l0538_discovery.o(i.SPIx_Write) for SPIx_Write
    stm32l0538_discovery.o(i.SPIx_Error) refers to stm32l0xx_hal_spi.o(i.HAL_SPI_DeInit) for HAL_SPI_DeInit
    stm32l0538_discovery.o(i.SPIx_Error) refers to stm32l0538_discovery.o(i.SPIx_Init) for SPIx_Init
    stm32l0538_discovery.o(i.SPIx_Error) refers to stm32l0538_discovery.o(.bss) for .bss
    stm32l0538_discovery.o(i.SPIx_Init) refers to stm32l0xx_hal_spi.o(i.HAL_SPI_GetState) for HAL_SPI_GetState
    stm32l0538_discovery.o(i.SPIx_Init) refers to stm32l0xx_hal_gpio.o(i.HAL_GPIO_Init) for HAL_GPIO_Init
    stm32l0538_discovery.o(i.SPIx_Init) refers to stm32l0xx_hal_spi.o(i.HAL_SPI_Init) for HAL_SPI_Init
    stm32l0538_discovery.o(i.SPIx_Init) refers to stm32l0538_discovery.o(.bss) for .bss
    stm32l0538_discovery.o(i.SPIx_Write) refers to stm32l0xx_hal_spi.o(i.HAL_SPI_Transmit) for HAL_SPI_Transmit
    stm32l0538_discovery.o(i.SPIx_Write) refers to stm32l0538_discovery.o(i.SPIx_Error) for SPIx_Error
    stm32l0538_discovery.o(i.SPIx_Write) refers to stm32l0538_discovery.o(.bss) for .bss
    stm32l0xx_hal_pwr_ex.o(i.HAL_PWREx_DisableLowPowerRunMode) refers to uidiv.o(.text) for __aeabi_uidivmod
[...]
    Removing stm32l0xx_hal_pwr.o(i.HAL_PWR_PVD_IRQHandler), (28 bytes).
    Removing stm32l0xx_hal_rcc.o(.rev16_text), (4 bytes).
    Removing stm32l0xx_hal_rcc.o(.revsh_text), (4 bytes).
    Removing stm32l0xx_hal_rcc.o(i.HAL_RCC_CSSCallback), (2 bytes).
    Removing stm32l0xx_hal_rcc.o(i.HAL_RCC_DeInit), (108 bytes).
    Removing stm32l0xx_hal_rcc.o(i.HAL_RCC_EnableCSS), (20 bytes).
    Removing stm32l0xx_hal_rcc.o(i.HAL_RCC_GetClockConfig), (64 bytes).
    Removing stm32l0xx_hal_rcc.o(i.HAL_RCC_GetHCLKFreq), (12 bytes).
    Removing stm32l0xx_hal_rcc.o(i.HAL_RCC_GetOscConfig), (192 bytes).
    Removing stm32l0xx_hal_rcc.o(i.HAL_RCC_MCOConfig), (96 bytes).
    Removing stm32l0xx_hal_rcc.o(i.HAL_RCC_NMI_IRQHandler), (24 bytes).
    Removing stm32l0xx_hal_rcc_ex.o(.rev16_text), (4 bytes).
    Removing stm32l0xx_hal_rcc_ex.o(.revsh_text), (4 bytes).
    Removing stm32l0xx_hal_rcc_ex.o(i.HAL_RCCEx_CRSConfig), (72 bytes).
    Removing stm32l0xx_hal_rcc_ex.o(i.HAL_RCCEx_CRSGetSynchronizationInfo), (40 bytes).
    Removing stm32l0xx_hal_rcc_ex.o(i.HAL_RCCEx_CRSSoftwareSynchronizationGenerate), (16 bytes).
    Removing stm32l0xx_hal_rcc_ex.o(i.HAL_RCCEx_CRSWaitSynchronization), (120 bytes).
    Removing stm32l0xx_hal_rcc_ex.o(i.HAL_RCCEx_CRS_ErrorCallback), (2 bytes).
    Removing stm32l0xx_hal_rcc_ex.o(i.HAL_RCCEx_CRS_ExpectedSyncCallback), (2 bytes).
    Removing stm32l0xx_hal_rcc_ex.o(i.HAL_RCCEx_CRS_IRQHandler), (112 bytes).
    Removing stm32l0xx_hal_rcc_ex.o(i.HAL_RCCEx_CRS_SyncOkCallback), (2 bytes).
    Removing stm32l0xx_hal_rcc_ex.o(i.HAL_RCCEx_CRS_SyncWarnCallback), (2 bytes).
    Removing stm32l0xx_hal_rcc_ex.o(i.HAL_RCCEx_DisableHSI48_VREFINT), (16 bytes).
    Removing stm32l0xx_hal_rcc_ex.o(i.HAL_RCCEx_DisableLSECSS), (32 bytes).
    Removing stm32l0xx_hal_rcc_ex.o(i.HAL_RCCEx_EnableHSI48_VREFINT), (16 bytes).
    Removing stm32l0xx_hal_rcc_ex.o(i.HAL_RCCEx_EnableLSECSS), (20 bytes).
    Removing stm32l0xx_hal_rcc_ex.o(i.HAL_RCCEx_EnableLSECSS_IT), (52 bytes).
    Removing stm32l0xx_hal_rcc_ex.o(i.HAL_RCCEx_GetPeriphCLKConfig), (112 bytes).
    Removing stm32l0xx_hal_rcc_ex.o(i.HAL_RCCEx_LSECSS_Callback), (2 bytes).
    Removing stm32l0xx_hal_rcc_ex.o(i.HAL_RCCEx_LSECSS_IRQHandler), (24 bytes).
    Removing stm32l0xx_hal_rng.o(.rev16_text), (4 bytes).
    Removing stm32l0xx_hal_rng.o(.revsh_text), (4 bytes).
    Removing stm32l0xx_hal_rtc.o(.rev16_text), (4 bytes).
    Removing stm32l0xx_hal_rtc.o(.revsh_text), (4 bytes).
    Removing stm32l0xx_hal_rtc_ex.o(.rev16_text), (4 bytes).
    Removing stm32l0xx_hal_rtc_ex.o(.revsh_text), (4 bytes).
    Removing stm32l0xx_hal_smartcard.o(.rev16_text), (4 bytes).
    Removing stm32l0xx_hal_smartcard.o(.revsh_text), (4 bytes).
    Removing stm32l0xx_hal_smartcard_ex.o(.rev16_text), (4 bytes).
    Removing stm32l0xx_hal_smartcard_ex.o(.revsh_text), (4 bytes).
    Removing stm32l0xx_hal_smbus.o(.rev16_text), (4 bytes).
    Removing stm32l0xx_hal_smbus.o(.revsh_text), (4 bytes).
    Removing stm32l0xx_hal_spi.o(.rev16_text), (4 bytes).
    Removing stm32l0xx_hal_spi.o(.revsh_text), (4 bytes).
    Removing stm32l0xx_hal_spi.o(i.HAL_SPI_DMAPause), (46 bytes).
    Removing stm32l0xx_hal_spi.o(i.HAL_SPI_DMAResume), (44 bytes).
    Removing stm32l0xx_hal_spi.o(i.HAL_SPI_DMAStop), (54 bytes).
    Removing stm32l0xx_hal_spi.o(i.HAL_SPI_DeInit), (48 bytes).
    Removing stm32l0xx_hal_spi.o(i.HAL_SPI_ErrorCallback), (2 bytes).
    Removing stm32l0xx_hal_spi.o(i.HAL_SPI_GetError), (4 bytes).
    Removing stm32l0xx_hal_spi.o(i.HAL_SPI_GetState), (6 bytes).
    Removing stm32l0xx_hal_spi.o(i.HAL_SPI_IRQHandler), (194 bytes).
    Removing stm32l0xx_hal_spi.o(i.HAL_SPI_Init), (132 bytes).
    Removing stm32l0xx_hal_spi.o(i.HAL_SPI_MspDeInit), (2 bytes).
    Removing stm32l0xx_hal_spi.o(i.HAL_SPI_MspInit), (2 bytes).
    Removing stm32l0xx_hal_spi.o(i.HAL_SPI_Receive), (468 bytes).
    Removing stm32l0xx_hal_spi.o(i.HAL_SPI_Receive_DMA), (228 bytes).
    Removing stm32l0xx_hal_spi.o(i.HAL_SPI_Receive_IT), (172 bytes).
    Removing stm32l0xx_hal_spi.o(i.HAL_SPI_RxCpltCallback), (2 bytes).
    Removing stm32l0xx_hal_spi.o(i.HAL_SPI_RxHalfCpltCallback), (2 bytes).
    Removing stm32l0xx_hal_spi.o(i.HAL_SPI_Transmit), (336 bytes).
    Removing stm32l0xx_hal_spi.o(i.HAL_SPI_TransmitReceive), (696 bytes).
    Removing stm32l0xx_hal_spi.o(i.HAL_SPI_TransmitReceive_DMA), (256 bytes).
    Removing stm32l0xx_hal_spi.o(i.HAL_SPI_TransmitReceive_IT), (164 bytes).
    Removing stm32l0xx_hal_spi.o(i.HAL_SPI_Transmit_DMA), (208 bytes).
    Removing stm32l0xx_hal_spi.o(i.HAL_SPI_Transmit_IT), (160 bytes).
    Removing stm32l0xx_hal_spi.o(i.HAL_SPI_TxCpltCallback), (2 bytes).
    Removing stm32l0xx_hal_spi.o(i.HAL_SPI_TxHalfCpltCallback), (2 bytes).
    Removing stm32l0xx_hal_spi.o(i.HAL_SPI_TxRxCpltCallback), (2 bytes).
    Removing stm32l0xx_hal_spi.o(i.HAL_SPI_TxRxHalfCpltCallback), (2 bytes).
    Removing stm32l0xx_hal_spi.o(i.SPI_2LinesRxISR), (48 bytes).
    Removing stm32l0xx_hal_spi.o(i.SPI_DMAError), (30 bytes).
    Removing stm32l0xx_hal_spi.o(i.SPI_DMAHalfReceiveCplt), (10 bytes).
    Removing stm32l0xx_hal_spi.o(i.SPI_DMAHalfTransmitCplt), (10 bytes).
    Removing stm32l0xx_hal_spi.o(i.SPI_DMAHalfTransmitReceiveCplt), (10 bytes).
    Removing stm32l0xx_hal_spi.o(i.SPI_DMAReceiveCplt), (188 bytes).
    Removing stm32l0xx_hal_spi.o(i.SPI_DMATransmitCplt), (112 bytes).
    Removing stm32l0xx_hal_spi.o(i.SPI_DMATransmitReceiveCplt), (194 bytes).
    Removing stm32l0xx_hal_spi.o(i.SPI_RxCloseIRQHandler), (208 bytes).
    Removing stm32l0xx_hal_spi.o(i.SPI_RxISR), (78 bytes).
    Removing stm32l0xx_hal_spi.o(i.SPI_TxCloseIRQHandler), (132 bytes).
    Removing stm32l0xx_hal_spi.o(i.SPI_TxISR), (72 bytes).
    Removing stm32l0xx_hal_spi.o(i.SPI_WaitOnFlagUntilTimeout), (178 bytes).
    Removing stm32l0xx_hal_tim.o(.rev16_text), (4 bytes).
    Removing stm32l0xx_hal_tim.o(.revsh_text), (4 bytes).
    Removing stm32l0xx_hal_tim.o(i.HAL_TIM_Base_DeInit), (44 bytes).
    Removing stm32l0xx_hal_tim.o(i.HAL_TIM_Base_GetState), (6 bytes).
    Removing stm32l0xx_hal_tim.o(i.HAL_TIM_Base_MspDeInit), (2 bytes).
    Removing stm32l0xx_hal_tim.o(i.HAL_TIM_Base_Start_DMA), (100 bytes).
    Removing stm32l0xx_hal_tim.o(i.HAL_TIM_Base_Start_IT), (22 bytes).
    Removing stm32l0xx_hal_tim.o(i.HAL_TIM_Base_Stop), (40 bytes).
    Removing stm32l0xx_hal_tim.o(i.HAL_TIM_Base_Stop_DMA), (44 bytes).
    Removing stm32l0xx_hal_tim.o(i.HAL_TIM_Base_Stop_IT), (36 bytes).
    Removing stm32l0xx_hal_tim.o(i.HAL_TIM_ConfigClockSource), (238 bytes).
    Removing stm32l0xx_hal_tim.o(i.HAL_TIM_ConfigOCrefClear), (168 bytes).
    Removing stm32l0xx_hal_tim.o(i.HAL_TIM_ConfigTI1Input), (16 bytes).
    Removing stm32l0xx_hal_tim.o(i.HAL_TIM_DMABurst_ReadStart), (240 bytes).
    Removing stm32l0xx_hal_tim.o(i.HAL_TIM_DMABurst_ReadStop), (90 bytes).
    Removing stm32l0xx_hal_tim.o(i.HAL_TIM_DMABurst_WriteStart), (240 bytes).
    Removing stm32l0xx_hal_tim.o(i.HAL_TIM_DMABurst_WriteStop), (90 bytes).
    Removing stm32l0xx_hal_tim.o(i.HAL_TIM_Encoder_DeInit), (44 bytes).
    Removing stm32l0xx_hal_tim.o(i.HAL_TIM_Encoder_GetState), (6 bytes).
    Removing stm32l0xx_hal_tim.o(i.HAL_TIM_Encoder_Init), (152 bytes).
    Removing stm32l0xx_hal_tim.o(i.HAL_TIM_Encoder_MspDeInit), (2 bytes).
    Removing stm32l0xx_hal_tim.o(i.HAL_TIM_Encoder_MspInit), (2 bytes).
    Removing stm32l0xx_hal_tim.o(i.HAL_TIM_Encoder_Start), (52 bytes).
    Removing stm32l0xx_hal_tim.o(i.HAL_TIM_Encoder_Start_DMA), (284 bytes).
    Removing stm32l0xx_hal_tim.o(i.HAL_TIM_Encoder_Start_IT), (92 bytes).
    Removing stm32l0xx_hal_tim.o(i.HAL_TIM_Encoder_Stop), (64 bytes).
    Removing stm32l0xx_hal_tim.o(i.HAL_TIM_Encoder_Stop_DMA), (112 bytes).
    Removing stm32l0xx_hal_tim.o(i.HAL_TIM_Encoder_Stop_IT), (112 bytes).
    Removing stm32l0xx_hal_tim.o(i.HAL_TIM_ErrorCallback), (2 bytes).
    Removing stm32l0xx_hal_tim.o(i.HAL_TIM_GenerateEvent), (36 bytes).
    Removing stm32l0xx_hal_tim.o(i.HAL_TIM_IC_CaptureCallback), (2 bytes).
    Removing stm32l0xx_hal_tim.o(i.HAL_TIM_IC_ConfigChannel), (288 bytes).
    Removing stm32l0xx_hal_tim.o(i.HAL_TIM_IC_DeInit), (44 bytes).
    Removing stm32l0xx_hal_tim.o(i.HAL_TIM_IC_GetState), (6 bytes).
    Removing stm32l0xx_hal_tim.o(i.HAL_TIM_IC_Init), (52 bytes).
    Removing stm32l0xx_hal_tim.o(i.HAL_TIM_IC_MspDeInit), (2 bytes).
    Removing stm32l0xx_hal_tim.o(i.HAL_TIM_IC_MspInit), (2 bytes).
    Removing stm32l0xx_hal_tim.o(i.HAL_TIM_IC_Start), (26 bytes).
    Removing stm32l0xx_hal_tim.o(i.HAL_TIM_IC_Start_DMA), (212 bytes).
    Removing stm32l0xx_hal_tim.o(i.HAL_TIM_IC_Start_IT), (72 bytes).
    Removing stm32l0xx_hal_tim.o(i.HAL_TIM_IC_Stop), (40 bytes).
    Removing stm32l0xx_hal_tim.o(i.HAL_TIM_IC_Stop_DMA), (100 bytes).
    Removing stm32l0xx_hal_tim.o(i.HAL_TIM_IC_Stop_IT), (84 bytes).
    Removing stm32l0xx_hal_tim.o(i.HAL_TIM_IRQHandler), (294 bytes).
    Removing stm32l0xx_hal_tim.o(i.HAL_TIM_OC_ConfigChannel), (80 bytes).
    Removing stm32l0xx_hal_tim.o(i.HAL_TIM_OC_DeInit), (44 bytes).
    Removing stm32l0xx_hal_tim.o(i.HAL_TIM_OC_DelayElapsedCallback), (2 bytes).
    Removing stm32l0xx_hal_tim.o(i.HAL_TIM_OC_GetState), (6 bytes).
    Removing stm32l0xx_hal_tim.o(i.HAL_TIM_OC_Init), (52 bytes).
    Removing stm32l0xx_hal_tim.o(i.HAL_TIM_OC_MspDeInit), (2 bytes).
    Removing stm32l0xx_hal_tim.o(i.HAL_TIM_OC_MspInit), (2 bytes).
    Removing stm32l0xx_hal_tim.o(i.HAL_TIM_OC_Start), (26 bytes).
    Removing stm32l0xx_hal_tim.o(i.HAL_TIM_OC_Start_DMA), (220 bytes).
    Removing stm32l0xx_hal_tim.o(i.HAL_TIM_OC_Start_IT), (72 bytes).
    Removing stm32l0xx_hal_tim.o(i.HAL_TIM_OC_Stop), (40 bytes).
    Removing stm32l0xx_hal_tim.o(i.HAL_TIM_OC_Stop_DMA), (100 bytes).
    Removing stm32l0xx_hal_tim.o(i.HAL_TIM_OC_Stop_IT), (84 bytes).
    Removing stm32l0xx_hal_tim.o(i.HAL_TIM_OnePulse_ConfigChannel), (202 bytes).
    Removing stm32l0xx_hal_tim.o(i.HAL_TIM_OnePulse_DeInit), (44 bytes).
    Removing stm32l0xx_hal_tim.o(i.HAL_TIM_OnePulse_GetState), (6 bytes).
    Removing stm32l0xx_hal_tim.o(i.HAL_TIM_OnePulse_Init), (72 bytes).
    Removing stm32l0xx_hal_tim.o(i.HAL_TIM_OnePulse_MspDeInit), (2 bytes).
    Removing stm32l0xx_hal_tim.o(i.HAL_TIM_OnePulse_MspInit), (2 bytes).
    Removing stm32l0xx_hal_tim.o(i.HAL_TIM_OnePulse_Start), (28 bytes).
    Removing stm32l0xx_hal_tim.o(i.HAL_TIM_OnePulse_Start_IT), (48 bytes).
    Removing stm32l0xx_hal_tim.o(i.HAL_TIM_OnePulse_Stop), (52 bytes).
    Removing stm32l0xx_hal_tim.o(i.HAL_TIM_OnePulse_Stop_IT), (72 bytes).
    Removing stm32l0xx_hal_tim.o(i.HAL_TIM_PWM_ConfigChannel), (208 bytes).
    Removing stm32l0xx_hal_tim.o(i.HAL_TIM_PWM_DeInit), (44 bytes).
    Removing stm32l0xx_hal_tim.o(i.HAL_TIM_PWM_GetState), (6 bytes).
    Removing stm32l0xx_hal_tim.o(i.HAL_TIM_PWM_Init), (52 bytes).
    Removing stm32l0xx_hal_tim.o(i.HAL_TIM_PWM_MspDeInit), (2 bytes).
    Removing stm32l0xx_hal_tim.o(i.HAL_TIM_PWM_MspInit), (2 bytes).
    Removing stm32l0xx_hal_tim.o(i.HAL_TIM_PWM_PulseFinishedCallback), (2 bytes).
    Removing stm32l0xx_hal_tim.o(i.HAL_TIM_PWM_Start), (26 bytes).
    Removing stm32l0xx_hal_tim.o(i.HAL_TIM_PWM_Start_DMA), (220 bytes).
    Removing stm32l0xx_hal_tim.o(i.HAL_TIM_PWM_Start_IT), (72 bytes).
    Removing stm32l0xx_hal_tim.o(i.HAL_TIM_PWM_Stop), (44 bytes).
    Removing stm32l0xx_hal_tim.o(i.HAL_TIM_PWM_Stop_DMA), (100 bytes).
    Removing stm32l0xx_hal_tim.o(i.HAL_TIM_PWM_Stop_IT), (84 bytes).
    Removing stm32l0xx_hal_tim.o(i.HAL_TIM_PeriodElapsedCallback), (2 bytes).
    Removing stm32l0xx_hal_tim.o(i.HAL_TIM_ReadCapturedValue), (70 bytes).
    Removing stm32l0xx_hal_tim.o(i.HAL_TIM_SlaveConfigSynchronization), (60 bytes).
    Removing stm32l0xx_hal_tim.o(i.HAL_TIM_SlaveConfigSynchronization_IT), (60 bytes).
    Removing stm32l0xx_hal_tim.o(i.HAL_TIM_TriggerCallback), (2 bytes).
    Removing stm32l0xx_hal_tim.o(i.TIM_CCxChannelCmd), (22 bytes).
    Removing stm32l0xx_hal_tim.o(i.TIM_DMACaptureCplt), (62 bytes).
    Removing stm32l0xx_hal_tim.o(i.TIM_DMADelayPulseCplt), (62 bytes).
    Removing stm32l0xx_hal_tim.o(i.TIM_DMAError), (16 bytes).
    Removing stm32l0xx_hal_tim.o(i.TIM_DMAPeriodElapsedCplt), (16 bytes).
    Removing stm32l0xx_hal_tim.o(i.TIM_DMATriggerCplt), (16 bytes).
    Removing stm32l0xx_hal_tim.o(i.TIM_ETR_SetConfig), (22 bytes).
    Removing stm32l0xx_hal_tim.o(i.TIM_ITRx_SetConfig), (16 bytes).
    Removing stm32l0xx_hal_tim.o(i.TIM_OC1_SetConfig), (48 bytes).
    Removing stm32l0xx_hal_tim.o(i.TIM_OC2_SetConfig), (50 bytes).
    Removing stm32l0xx_hal_tim.o(i.TIM_OC3_SetConfig), (54 bytes).
    Removing stm32l0xx_hal_tim.o(i.TIM_OC4_SetConfig), (54 bytes).
    Removing stm32l0xx_hal_tim.o(i.TIM_SlaveTimer_SetConfig), (122 bytes).
    Removing stm32l0xx_hal_tim.o(i.TIM_TI1_ConfigInputStage), (34 bytes).
    Removing stm32l0xx_hal_tim.o(i.TIM_TI1_SetConfig), (80 bytes).
    Removing stm32l0xx_hal_tim.o(i.TIM_TI2_ConfigInputStage), (38 bytes).
    Removing stm32l0xx_hal_tim.o(i.TIM_TI2_SetConfig), (52 bytes).
    Removing stm32l0xx_hal_tim_ex.o(.rev16_text), (4 bytes).
    Removing stm32l0xx_hal_tim_ex.o(.revsh_text), (4 bytes).
    Removing stm32l0xx_hal_tim_ex.o(i.HAL_TIMEx_RemapConfig), (30 bytes).
    Removing stm32l0xx_hal_tsc.o(.rev16_text), (4 bytes).
    Removing stm32l0xx_hal_tsc.o(.revsh_text), (4 bytes).
    Removing stm32l0xx_hal_uart.o(.rev16_text), (4 bytes).
    Removing stm32l0xx_hal_uart.o(.revsh_text), (4 bytes).
    Removing stm32l0xx_hal_uart.o(i.HAL_HalfDuplex_EnableReceiver), (54 bytes).
    Removing stm32l0xx_hal_uart.o(i.HAL_HalfDuplex_EnableTransmitter), (54 bytes).
    Removing stm32l0xx_hal_uart.o(i.HAL_HalfDuplex_Init), (118 bytes).
    Removing stm32l0xx_hal_uart.o(i.HAL_LIN_Init), (146 bytes).
    Removing stm32l0xx_hal_uart.o(i.HAL_LIN_SendBreak), (42 bytes).
    Removing stm32l0xx_hal_uart.o(i.HAL_MultiProcessor_DisableMuteMode), (46 bytes).
    Removing stm32l0xx_hal_uart.o(i.HAL_MultiProcessor_EnableMuteMode), (46 bytes).
    Removing stm32l0xx_hal_uart.o(i.HAL_MultiProcessor_EnterMuteMode), (12 bytes).
    Removing stm32l0xx_hal_uart.o(i.HAL_MultiProcessor_Init), (144 bytes).
    Removing stm32l0xx_hal_uart.o(i.HAL_UART_Abort), (120 bytes).
    Removing stm32l0xx_hal_uart.o(i.HAL_UART_AbortCpltCallback), (2 bytes).
    Removing stm32l0xx_hal_uart.o(i.HAL_UART_AbortReceive), (80 bytes).
    Removing stm32l0xx_hal_uart.o(i.HAL_UART_AbortReceiveCpltCallback), (2 bytes).
    Removing stm32l0xx_hal_uart.o(i.HAL_UART_AbortReceive_IT), (116 bytes).
    Removing stm32l0xx_hal_uart.o(i.HAL_UART_AbortTransmit), (62 bytes).
    Removing stm32l0xx_hal_uart.o(i.HAL_UART_AbortTransmitCpltCallback), (2 bytes).
    Removing stm32l0xx_hal_uart.o(i.HAL_UART_AbortTransmit_IT), (92 bytes).
    Removing stm32l0xx_hal_uart.o(i.HAL_UART_Abort_IT), (196 bytes).
    Removing stm32l0xx_hal_uart.o(i.HAL_UART_DMAPause), (94 bytes).
    Removing stm32l0xx_hal_uart.o(i.HAL_UART_DMAResume), (86 bytes).
    Removing stm32l0xx_hal_uart.o(i.HAL_UART_DMAStop), (88 bytes).
    Removing stm32l0xx_hal_uart.o(i.HAL_UART_ErrorCallback), (2 bytes).
    Removing stm32l0xx_hal_uart.o(i.HAL_UART_GetError), (4 bytes).
    Removing stm32l0xx_hal_uart.o(i.HAL_UART_GetState), (12 bytes).
    Removing stm32l0xx_hal_uart.o(i.HAL_UART_MspDeInit), (2 bytes).
    Removing stm32l0xx_hal_uart.o(i.HAL_UART_MspInit), (2 bytes).
    Removing stm32l0xx_hal_uart.o(i.HAL_UART_Receive_DMA), (164 bytes).
    Removing stm32l0xx_hal_uart.o(i.HAL_UART_Receive_IT), (160 bytes).
    Removing stm32l0xx_hal_uart.o(i.HAL_UART_RxHalfCpltCallback), (2 bytes).
    Removing stm32l0xx_hal_uart.o(i.HAL_UART_Transmit_DMA), (152 bytes).
    Removing stm32l0xx_hal_uart.o(i.HAL_UART_Transmit_IT), (88 bytes).
    Removing stm32l0xx_hal_uart.o(i.HAL_UART_TxHalfCpltCallback), (2 bytes).
    Removing stm32l0xx_hal_uart.o(i.UART_DMAError), (74 bytes).
    Removing stm32l0xx_hal_uart.o(i.UART_DMAReceiveCplt), (64 bytes).
    Removing stm32l0xx_hal_uart.o(i.UART_DMARxAbortCallback), (54 bytes).
    Removing stm32l0xx_hal_uart.o(i.UART_DMARxHalfCplt), (10 bytes).
    Removing stm32l0xx_hal_uart.o(i.UART_DMARxOnlyAbortCallback), (28 bytes).
    Removing stm32l0xx_hal_uart.o(i.UART_DMATransmitCplt), (48 bytes).
    Removing stm32l0xx_hal_uart.o(i.UART_DMATxAbortCallback), (54 bytes).
    Removing stm32l0xx_hal_uart.o(i.UART_DMATxHalfCplt), (10 bytes).
    Removing stm32l0xx_hal_uart.o(i.UART_DMATxOnlyAbortCallback), (22 bytes).
    Removing stm32l0xx_hal_uart.o(i.UART_EndTxTransfer), (18 bytes).
    Removing stm32l0xx_hal_uart_ex.o(.rev16_text), (4 bytes).
    Removing stm32l0xx_hal_uart_ex.o(.revsh_text), (4 bytes).
    Removing stm32l0xx_hal_uart_ex.o(i.HAL_MultiProcessorEx_AddressLength_Set), (54 bytes).
    Removing stm32l0xx_hal_uart_ex.o(i.HAL_RS485Ex_Init), (144 bytes).
    Removing stm32l0xx_hal_uart_ex.o(i.HAL_UARTEx_DisableClockStopMode), (44 bytes).
    Removing stm32l0xx_hal_uart_ex.o(i.HAL_UARTEx_DisableStopMode), (42 bytes).
    Removing stm32l0xx_hal_uart_ex.o(i.HAL_UARTEx_EnableClockStopMode), (44 bytes).
    Removing stm32l0xx_hal_uart_ex.o(i.HAL_UARTEx_WakeupCallback), (2 bytes).
    Removing stm32l0xx_hal_usart.o(.rev16_text), (4 bytes).
    Removing stm32l0xx_hal_usart.o(.revsh_text), (4 bytes).
    Removing stm32l0xx_hal_wwdg.o(.rev16_text), (4 bytes).
    Removing stm32l0xx_hal_wwdg.o(.revsh_text), (4 bytes).
    Removing stm32l0xx_hal_msp.o(.rev16_text), (4 bytes).
    Removing stm32l0xx_hal_msp.o(.revsh_text), (4 bytes).
    Removing stm32l0xx_it.o(.rev16_text), (4 bytes).
    Removing stm32l0xx_it.o(.revsh_text), (4 bytes).
    Removing stm32l0xx_it.o(i.DebugMon_Handler), (2 bytes).
    Removing main.o(.rev16_text), (4 bytes).
    Removing main.o(.revsh_text), (4 bytes).
    Removing main.o(.data), (4 bytes).
    Removing startup_stm32l053xx.o(HEAP), (512 bytes).
    Removing system_stm32l0xx.o(.rev16_text), (4 bytes).
    Removing system_stm32l0xx.o(.revsh_text), (4 bytes).
    Removing system_stm32l0xx.o(i.SystemCoreClockUpdate), (136 bytes).
    Removing lpuart.o(.rev16_text), (4 bytes).
    Removing lpuart.o(.revsh_text), (4 bytes).
    Removing adc.o(.rev16_text), (4 bytes).
    Removing adc.o(.revsh_text), (4 bytes).
    Removing adc.o(i.HAL_ADC_ErrorCallback), (28 bytes).

466 unused section(s) (total 24766 bytes) removed from the image.

==============================================================================

Image Symbol Table

    Local Symbols

    Symbol Name                              Value     Ov Type        Size  Object(Section)

    ../Src/main.c                            0x00000000   Number         0  main.o ABSOLUTE
    ../Src/stm32l0xx_hal_msp.c               0x00000000   Number         0  stm32l0xx_hal_msp.o ABSOLUTE
    ../Src/stm32l0xx_it.c                    0x00000000   Number         0  stm32l0xx_it.o ABSOLUTE
    ../Src/system_stm32l0xx.c                0x00000000   Number         0  system_stm32l0xx.o ABSOLUTE
    ../clib/microlib/division.c              0x00000000   Number         0  uidiv.o ABSOLUTE
    ../clib/microlib/division.c              0x00000000   Number         0  uldiv.o ABSOLUTE
    ../clib/microlib/init/entry.s            0x00000000   Number         0  entry11a.o ABSOLUTE
    ../clib/microlib/init/entry.s            0x00000000   Number         0  entry9b.o ABSOLUTE
    ../clib/microlib/init/entry.s            0x00000000   Number         0  entry7b.o ABSOLUTE
    ../clib/microlib/init/entry.s            0x00000000   Number         0  entry7a.o ABSOLUTE
    ../clib/microlib/init/entry.s            0x00000000   Number         0  entry5.o ABSOLUTE
    ../clib/microlib/init/entry.s            0x00000000   Number         0  entry2.o ABSOLUTE
    ../clib/microlib/init/entry.s            0x00000000   Number         0  entry11b.o ABSOLUTE
    ../clib/microlib/init/entry.s            0x00000000   Number         0  entry9a.o ABSOLUTE
    ../clib/microlib/init/entry.s            0x00000000   Number         0  entry8b.o ABSOLUTE
    ../clib/microlib/init/entry.s            0x00000000   Number         0  entry10a.o ABSOLUTE
    ../clib/microlib/init/entry.s            0x00000000   Number         0  entry.o ABSOLUTE
    ../clib/microlib/init/entry.s            0x00000000   Number         0  entry8a.o ABSOLUTE
    ../clib/microlib/init/entry.s            0x00000000   Number         0  entry10b.o ABSOLUTE
    ../clib/microlib/longlong.c              0x00000000   Number         0  llushr.o ABSOLUTE
    ../clib/microlib/longlong.c              0x00000000   Number         0  llsshr.o ABSOLUTE
    ../clib/microlib/longlong.c              0x00000000   Number         0  llshl.o ABSOLUTE
    ../clib/microlib/printf/printf.c         0x00000000   Number         0  printf3.o ABSOLUTE
    ../clib/microlib/printf/printf.c         0x00000000   Number         0  printf4.o ABSOLUTE
    ../clib/microlib/printf/printf.c         0x00000000   Number         0  printf6.o ABSOLUTE
    ../clib/microlib/printf/printf.c         0x00000000   Number         0  printf7.o ABSOLUTE
    ../clib/microlib/printf/printf.c         0x00000000   Number         0  printf0.o ABSOLUTE
    ../clib/microlib/printf/printf.c         0x00000000   Number         0  printfb.o ABSOLUTE
    ../clib/microlib/printf/printf.c         0x00000000   Number         0  printf8.o ABSOLUTE
    ../clib/microlib/printf/printf.c         0x00000000   Number         0  printfa.o ABSOLUTE
    ../clib/microlib/printf/printf.c         0x00000000   Number         0  printf1.o ABSOLUTE
    ../clib/microlib/printf/printf.c         0x00000000   Number         0  printf5.o ABSOLUTE
    ../clib/microlib/printf/printf.c         0x00000000   Number         0  printf2.o ABSOLUTE
    ../clib/microlib/printf/stubs.s          0x00000000   Number         0  stubs.o ABSOLUTE
    ../clib/microlib/stdio/fputc.c           0x00000000   Number         0  fputc.o ABSOLUTE
    ../clib/microlib/stdio/semi.s            0x00000000   Number         0  semi.o ABSOLUTE
    ../clib/microlib/stdio/streams.c         0x00000000   Number         0  stdout.o ABSOLUTE
    ../clib/microlib/string/memset.c         0x00000000   Number         0  memseta.o ABSOLUTE
    ../clib/microlib/string/strlen.c         0x00000000   Number         0  strlen.o ABSOLUTE
    ../clib/microlib/string/strncmp.c        0x00000000   Number         0  strncmp.o ABSOLUTE
    ../clib/microlib/stubs.s                 0x00000000   Number         0  iusefp.o ABSOLUTE
    ../clib/microlib/stubs.s                 0x00000000   Number         0  iusesemip.o ABSOLUTE
    ../fplib/microlib/fpadd.c                0x00000000   Number         0  dadd.o ABSOLUTE
    ../fplib/microlib/fpdiv.c                0x00000000   Number         0  ddiv.o ABSOLUTE
    ../fplib/microlib/fpepilogue.c           0x00000000   Number         0  depilogue.o ABSOLUTE
    ../fplib/microlib/fpfix.c                0x00000000   Number         0  dfixul.o ABSOLUTE
    ../fplib/microlib/fpmul.c                0x00000000   Number         0  dmul.o ABSOLUTE
    ..\Drivers\BSP\STM32L0538-Discovery\stm32l0538_discovery.c 0x00000000   Number         0  stm32l0538_discovery.o ABSOLUTE
    ..\Drivers\STM32L0xx_HAL_Driver\Src\stm32l0xx_hal.c 0x00000000   Number         0  stm32l0xx_hal.o ABSOLUTE
    ..\Drivers\STM32L0xx_HAL_Driver\Src\stm32l0xx_hal_adc.c 0x00000000   Number         0  stm32l0xx_hal_adc.o ABSOLUTE
    ..\Drivers\STM32L0xx_HAL_Driver\Src\stm32l0xx_hal_adc_ex.c 0x00000000   Number         0  stm32l0xx_hal_adc_ex.o ABSOLUTE
    ..\Drivers\STM32L0xx_HAL_Driver\Src\stm32l0xx_hal_comp.c 0x00000000   Number         0  stm32l0xx_hal_comp.o ABSOLUTE
    ..\Drivers\STM32L0xx_HAL_Driver\Src\stm32l0xx_hal_comp_ex.c 0x00000000   Number         0  stm32l0xx_hal_comp_ex.o ABSOLUTE
    ..\Drivers\STM32L0xx_HAL_Driver\Src\stm32l0xx_hal_cortex.c 0x00000000   Number         0  stm32l0xx_hal_cortex.o ABSOLUTE
    ..\Drivers\STM32L0xx_HAL_Driver\Src\stm32l0xx_hal_crc.c 0x00000000   Number         0  stm32l0xx_hal_crc.o ABSOLUTE
    ..\Drivers\STM32L0xx_HAL_Driver\Src\stm32l0xx_hal_crc_ex.c 0x00000000   Number         0  stm32l0xx_hal_crc_ex.o ABSOLUTE
    ..\Drivers\STM32L0xx_HAL_Driver\Src\stm32l0xx_hal_cryp.c 0x00000000   Number         0  stm32l0xx_hal_cryp.o ABSOLUTE
    ..\Drivers\STM32L0xx_HAL_Driver\Src\stm32l0xx_hal_cryp_ex.c 0x00000000   Number         0  stm32l0xx_hal_cryp_ex.o ABSOLUTE
    ..\Drivers\STM32L0xx_HAL_Driver\Src\stm32l0xx_hal_dac.c 0x00000000   Number         0  stm32l0xx_hal_dac.o ABSOLUTE
    ..\Drivers\STM32L0xx_HAL_Driver\Src\stm32l0xx_hal_dac_ex.c 0x00000000   Number         0  stm32l0xx_hal_dac_ex.o ABSOLUTE
    ..\Drivers\STM32L0xx_HAL_Driver\Src\stm32l0xx_hal_dma.c 0x00000000   Number         0  stm32l0xx_hal_dma.o ABSOLUTE
    ..\Drivers\STM32L0xx_HAL_Driver\Src\stm32l0xx_hal_firewall.c 0x00000000   Number         0  stm32l0xx_hal_firewall.o ABSOLUTE
    ..\Drivers\STM32L0xx_HAL_Driver\Src\stm32l0xx_hal_flash.c 0x00000000   Number         0  stm32l0xx_hal_flash.o ABSOLUTE
    ..\Drivers\STM32L0xx_HAL_Driver\Src\stm32l0xx_hal_flash_ex.c 0x00000000   Number         0  stm32l0xx_hal_flash_ex.o ABSOLUTE
    ..\Drivers\STM32L0xx_HAL_Driver\Src\stm32l0xx_hal_flash_ramfunc.c 0x00000000   Number         0  stm32l0xx_hal_flash_ramfunc.o ABSOLUTE
    ..\Drivers\STM32L0xx_HAL_Driver\Src\stm32l0xx_hal_gpio.c 0x00000000   Number         0  stm32l0xx_hal_gpio.o ABSOLUTE
    ..\Drivers\STM32L0xx_HAL_Driver\Src\stm32l0xx_hal_i2c.c 0x00000000   Number         0  stm32l0xx_hal_i2c.o ABSOLUTE
    ..\Drivers\STM32L0xx_HAL_Driver\Src\stm32l0xx_hal_i2c_ex.c 0x00000000   Number         0  stm32l0xx_hal_i2c_ex.o ABSOLUTE
    ..\Drivers\STM32L0xx_HAL_Driver\Src\stm32l0xx_hal_i2s.c 0x00000000   Number         0  stm32l0xx_hal_i2s.o ABSOLUTE
    ..\Drivers\STM32L0xx_HAL_Driver\Src\stm32l0xx_hal_irda.c 0x00000000   Number         0  stm32l0xx_hal_irda.o ABSOLUTE
    ..\Drivers\STM32L0xx_HAL_Driver\Src\stm32l0xx_hal_iwdg.c 0x00000000   Number         0  stm32l0xx_hal_iwdg.o ABSOLUTE
    ..\Drivers\STM32L0xx_HAL_Driver\Src\stm32l0xx_hal_lcd.c 0x00000000   Number         0  stm32l0xx_hal_lcd.o ABSOLUTE
    ..\Drivers\STM32L0xx_HAL_Driver\Src\stm32l0xx_hal_lptim.c 0x00000000   Number         0  stm32l0xx_hal_lptim.o ABSOLUTE
    ..\Drivers\STM32L0xx_HAL_Driver\Src\stm32l0xx_hal_msp_template.c 0x00000000   Number         0  stm32l0xx_hal_msp_template.o ABSOLUTE
    ..\Drivers\STM32L0xx_HAL_Driver\Src\stm32l0xx_hal_pcd.c 0x00000000   Number         0  stm32l0xx_hal_pcd.o ABSOLUTE
    ..\Drivers\STM32L0xx_HAL_Driver\Src\stm32l0xx_hal_pcd_ex.c 0x00000000   Number         0  stm32l0xx_hal_pcd_ex.o ABSOLUTE
    ..\Drivers\STM32L0xx_HAL_Driver\Src\stm32l0xx_hal_pwr.c 0x00000000   Number         0  stm32l0xx_hal_pwr.o ABSOLUTE
    ..\Drivers\STM32L0xx_HAL_Driver\Src\stm32l0xx_hal_pwr_ex.c 0x00000000   Number         0  stm32l0xx_hal_pwr_ex.o ABSOLUTE
    ..\Drivers\STM32L0xx_HAL_Driver\Src\stm32l0xx_hal_rcc.c 0x00000000   Number         0  stm32l0xx_hal_rcc.o ABSOLUTE
    ..\Drivers\STM32L0xx_HAL_Driver\Src\stm32l0xx_hal_rcc_ex.c 0x00000000   Number         0  stm32l0xx_hal_rcc_ex.o ABSOLUTE
    ..\Drivers\STM32L0xx_HAL_Driver\Src\stm32l0xx_hal_rng.c 0x00000000   Number         0  stm32l0xx_hal_rng.o ABSOLUTE
    ..\Drivers\STM32L0xx_HAL_Driver\Src\stm32l0xx_hal_rtc.c 0x00000000   Number         0  stm32l0xx_hal_rtc.o ABSOLUTE
    ..\Drivers\STM32L0xx_HAL_Driver\Src\stm32l0xx_hal_rtc_ex.c 0x00000000   Number         0  stm32l0xx_hal_rtc_ex.o ABSOLUTE
    ..\Drivers\STM32L0xx_HAL_Driver\Src\stm32l0xx_hal_smartcard.c 0x00000000   Number         0  stm32l0xx_hal_smartcard.o ABSOLUTE
    ..\Drivers\STM32L0xx_HAL_Driver\Src\stm32l0xx_hal_smartcard_ex.c 0x00000000   Number         0  stm32l0xx_hal_smartcard_ex.o ABSOLUTE
    ..\Drivers\STM32L0xx_HAL_Driver\Src\stm32l0xx_hal_smbus.c 0x00000000   Number         0  stm32l0xx_hal_smbus.o ABSOLUTE
    ..\Drivers\STM32L0xx_HAL_Driver\Src\stm32l0xx_hal_spi.c 0x00000000   Number         0  stm32l0xx_hal_spi.o ABSOLUTE
    ..\Drivers\STM32L0xx_HAL_Driver\Src\stm32l0xx_hal_tim.c 0x00000000   Number         0  stm32l0xx_hal_tim.o ABSOLUTE
    ..\Drivers\STM32L0xx_HAL_Driver\Src\stm32l0xx_hal_tim_ex.c 0x00000000   Number         0  stm32l0xx_hal_tim_ex.o ABSOLUTE
    ..\Drivers\STM32L0xx_HAL_Driver\Src\stm32l0xx_hal_tsc.c 0x00000000   Number         0  stm32l0xx_hal_tsc.o ABSOLUTE
    ..\Drivers\STM32L0xx_HAL_Driver\Src\stm32l0xx_hal_uart.c 0x00000000   Number         0  stm32l0xx_hal_uart.o ABSOLUTE
    ..\Drivers\STM32L0xx_HAL_Driver\Src\stm32l0xx_hal_uart_ex.c 0x00000000   Number         0  stm32l0xx_hal_uart_ex.o ABSOLUTE
    ..\Drivers\STM32L0xx_HAL_Driver\Src\stm32l0xx_hal_usart.c 0x00000000   Number         0  stm32l0xx_hal_usart.o ABSOLUTE
    ..\Drivers\STM32L0xx_HAL_Driver\Src\stm32l0xx_hal_wwdg.c 0x00000000   Number         0  stm32l0xx_hal_wwdg.o ABSOLUTE
    ..\Src\SensorNode\ADC.c                  0x00000000   Number         0  adc.o ABSOLUTE
    ..\Src\SensorNode\LPUART.c               0x00000000   Number         0  lpuart.o ABSOLUTE
    ..\Src\main.c                            0x00000000   Number         0  main.o ABSOLUTE
    ..\Src\stm32l0xx_hal_msp.c               0x00000000   Number         0  stm32l0xx_hal_msp.o ABSOLUTE
    ..\Src\stm32l0xx_it.c                    0x00000000   Number         0  stm32l0xx_it.o ABSOLUTE
    ..\Src\system_stm32l0xx.c                0x00000000   Number         0  system_stm32l0xx.o ABSOLUTE
    ..\\Drivers\\BSP\\STM32L0538-Discovery\\stm32l0538_discovery.c 0x00000000   Number         0  stm32l0538_discovery.o ABSOLUTE
    ..\\Drivers\\STM32L0xx_HAL_Driver\\Src\\stm32l0xx_hal.c 0x00000000   Number         0  stm32l0xx_hal.o ABSOLUTE
    ..\\Drivers\\STM32L0xx_HAL_Driver\\Src\\stm32l0xx_hal_adc.c 0x00000000   Number         0  stm32l0xx_hal_adc.o ABSOLUTE
    ..\\Drivers\\STM32L0xx_HAL_Driver\\Src\\stm32l0xx_hal_adc_ex.c 0x00000000   Number         0  stm32l0xx_hal_adc_ex.o ABSOLUTE
    ..\\Drivers\\STM32L0xx_HAL_Driver\\Src\\stm32l0xx_hal_comp.c 0x00000000   Number         0  stm32l0xx_hal_comp.o ABSOLUTE
    ..\\Drivers\\STM32L0xx_HAL_Driver\\Src\\stm32l0xx_hal_comp_ex.c 0x00000000   Number         0  stm32l0xx_hal_comp_ex.o ABSOLUTE
    ..\\Drivers\\STM32L0xx_HAL_Driver\\Src\\stm32l0xx_hal_cortex.c 0x00000000   Number         0  stm32l0xx_hal_cortex.o ABSOLUTE
    ..\\Drivers\\STM32L0xx_HAL_Driver\\Src\\stm32l0xx_hal_crc.c 0x00000000   Number         0  stm32l0xx_hal_crc.o ABSOLUTE
    ..\\Drivers\\STM32L0xx_HAL_Driver\\Src\\stm32l0xx_hal_crc_ex.c 0x00000000   Number         0  stm32l0xx_hal_crc_ex.o ABSOLUTE
    ..\\Drivers\\STM32L0xx_HAL_Driver\\Src\\stm32l0xx_hal_dac.c 0x00000000   Number         0  stm32l0xx_hal_dac.o ABSOLUTE
    ..\\Drivers\\STM32L0xx_HAL_Driver\\Src\\stm32l0xx_hal_dac_ex.c 0x00000000   Number         0  stm32l0xx_hal_dac_ex.o ABSOLUTE
    ..\\Drivers\\STM32L0xx_HAL_Driver\\Src\\stm32l0xx_hal_dma.c 0x00000000   Number         0  stm32l0xx_hal_dma.o ABSOLUTE
    ..\\Drivers\\STM32L0xx_HAL_Driver\\Src\\stm32l0xx_hal_firewall.c 0x00000000   Number         0  stm32l0xx_hal_firewall.o ABSOLUTE
    ..\\Drivers\\STM32L0xx_HAL_Driver\\Src\\stm32l0xx_hal_flash.c 0x00000000   Number         0  stm32l0xx_hal_flash.o ABSOLUTE
    ..\\Drivers\\STM32L0xx_HAL_Driver\\Src\\stm32l0xx_hal_flash_ex.c 0x00000000   Number         0  stm32l0xx_hal_flash_ex.o ABSOLUTE
    ..\\Drivers\\STM32L0xx_HAL_Driver\\Src\\stm32l0xx_hal_flash_ramfunc.c 0x00000000   Number         0  stm32l0xx_hal_flash_ramfunc.o ABSOLUTE
    ..\\Drivers\\STM32L0xx_HAL_Driver\\Src\\stm32l0xx_hal_gpio.c 0x00000000   Number         0  stm32l0xx_hal_gpio.o ABSOLUTE
    ..\\Drivers\\STM32L0xx_HAL_Driver\\Src\\stm32l0xx_hal_i2c.c 0x00000000   Number         0  stm32l0xx_hal_i2c.o ABSOLUTE
    ..\\Drivers\\STM32L0xx_HAL_Driver\\Src\\stm32l0xx_hal_i2c_ex.c 0x00000000   Number         0  stm32l0xx_hal_i2c_ex.o ABSOLUTE
    ..\\Drivers\\STM32L0xx_HAL_Driver\\Src\\stm32l0xx_hal_i2s.c 0x00000000   Number         0  stm32l0xx_hal_i2s.o ABSOLUTE
    ..\\Drivers\\STM32L0xx_HAL_Driver\\Src\\stm32l0xx_hal_irda.c 0x00000000   Number         0  stm32l0xx_hal_irda.o ABSOLUTE
    ..\\Drivers\\STM32L0xx_HAL_Driver\\Src\\stm32l0xx_hal_iwdg.c 0x00000000   Number         0  stm32l0xx_hal_iwdg.o ABSOLUTE
    ..\\Drivers\\STM32L0xx_HAL_Driver\\Src\\stm32l0xx_hal_lcd.c 0x00000000   Number         0  stm32l0xx_hal_lcd.o ABSOLUTE
    ..\\Drivers\\STM32L0xx_HAL_Driver\\Src\\stm32l0xx_hal_lptim.c 0x00000000   Number         0  stm32l0xx_hal_lptim.o ABSOLUTE
    ..\\Drivers\\STM32L0xx_HAL_Driver\\Src\\stm32l0xx_hal_msp_template.c 0x00000000   Number         0  stm32l0xx_hal_msp_template.o ABSOLUTE
    ..\\Drivers\\STM32L0xx_HAL_Driver\\Src\\stm32l0xx_hal_pcd.c 0x00000000   Number         0  stm32l0xx_hal_pcd.o ABSOLUTE
    ..\\Drivers\\STM32L0xx_HAL_Driver\\Src\\stm32l0xx_hal_pcd_ex.c 0x00000000   Number         0  stm32l0xx_hal_pcd_ex.o ABSOLUTE
    ..\\Drivers\\STM32L0xx_HAL_Driver\\Src\\stm32l0xx_hal_pwr.c 0x00000000   Number         0  stm32l0xx_hal_pwr.o ABSOLUTE
    ..\\Drivers\\STM32L0xx_HAL_Driver\\Src\\stm32l0xx_hal_pwr_ex.c 0x00000000   Number         0  stm32l0xx_hal_pwr_ex.o ABSOLUTE
    ..\\Drivers\\STM32L0xx_HAL_Driver\\Src\\stm32l0xx_hal_rcc.c 0x00000000   Number         0  stm32l0xx_hal_rcc.o ABSOLUTE
    ..\\Drivers\\STM32L0xx_HAL_Driver\\Src\\stm32l0xx_hal_rcc_ex.c 0x00000000   Number         0  stm32l0xx_hal_rcc_ex.o ABSOLUTE
    ..\\Drivers\\STM32L0xx_HAL_Driver\\Src\\stm32l0xx_hal_rng.c 0x00000000   Number         0  stm32l0xx_hal_rng.o ABSOLUTE
    ..\\Drivers\\STM32L0xx_HAL_Driver\\Src\\stm32l0xx_hal_rtc.c 0x00000000   Number         0  stm32l0xx_hal_rtc.o ABSOLUTE
    ..\\Drivers\\STM32L0xx_HAL_Driver\\Src\\stm32l0xx_hal_rtc_ex.c 0x00000000   Number         0  stm32l0xx_hal_rtc_ex.o ABSOLUTE
    ..\\Drivers\\STM32L0xx_HAL_Driver\\Src\\stm32l0xx_hal_smartcard.c 0x00000000   Number         0  stm32l0xx_hal_smartcard.o ABSOLUTE
    ..\\Drivers\\STM32L0xx_HAL_Driver\\Src\\stm32l0xx_hal_smartcard_ex.c 0x00000000   Number         0  stm32l0xx_hal_smartcard_ex.o ABSOLUTE
    ..\\Drivers\\STM32L0xx_HAL_Driver\\Src\\stm32l0xx_hal_smbus.c 0x00000000   Number         0  stm32l0xx_hal_smbus.o ABSOLUTE
    ..\\Drivers\\STM32L0xx_HAL_Driver\\Src\\stm32l0xx_hal_spi.c 0x00000000   Number         0  stm32l0xx_hal_spi.o ABSOLUTE
    ..\\Drivers\\STM32L0xx_HAL_Driver\\Src\\stm32l0xx_hal_tim.c 0x00000000   Number         0  stm32l0xx_hal_tim.o ABSOLUTE
    ..\\Drivers\\STM32L0xx_HAL_Driver\\Src\\stm32l0xx_hal_tim_ex.c 0x00000000   Number         0  stm32l0xx_hal_tim_ex.o ABSOLUTE
    ..\\Drivers\\STM32L0xx_HAL_Driver\\Src\\stm32l0xx_hal_tsc.c 0x00000000   Number         0  stm32l0xx_hal_tsc.o ABSOLUTE
    ..\\Drivers\\STM32L0xx_HAL_Driver\\Src\\stm32l0xx_hal_uart.c 0x00000000   Number         0  stm32l0xx_hal_uart.o ABSOLUTE
    ..\\Drivers\\STM32L0xx_HAL_Driver\\Src\\stm32l0xx_hal_uart_ex.c 0x00000000   Number         0  stm32l0xx_hal_uart_ex.o ABSOLUTE
    ..\\Drivers\\STM32L0xx_HAL_Driver\\Src\\stm32l0xx_hal_usart.c 0x00000000   Number         0  stm32l0xx_hal_usart.o ABSOLUTE
    ..\\Drivers\\STM32L0xx_HAL_Driver\\Src\\stm32l0xx_hal_wwdg.c 0x00000000   Number         0  stm32l0xx_hal_wwdg.o ABSOLUTE
    ..\\Src\\SensorNode\\ADC.c               0x00000000   Number         0  adc.o ABSOLUTE
    ..\\Src\\SensorNode\\LPUART.c            0x00000000   Number         0  lpuart.o ABSOLUTE
    cdrcmple.s                               0x00000000   Number         0  cdrcmple.o ABSOLUTE
    dc.s                                     0x00000000   Number         0  dc.o ABSOLUTE
    handlers.s                               0x00000000   Number         0  handlers.o ABSOLUTE
    init.s                                   0x00000000   Number         0  init.o ABSOLUTE
    startup_stm32l053xx.s                    0x00000000   Number         0  startup_stm32l053xx.o ABSOLUTE
    RESET                                    0x08000000   Section      192  startup_stm32l053xx.o(RESET)
    .ARM.Collect$$$$00000000                 0x080000c0   Section        0  entry.o(.ARM.Collect$$$$00000000)
    .ARM.Collect$$$$00000001                 0x080000c0   Section        4  entry2.o(.ARM.Collect$$$$00000001)
    .ARM.Collect$$$$00000004                 0x080000c4   Section        4  entry5.o(.ARM.Collect$$$$00000004)
    .ARM.Collect$$$$00000008                 0x080000c8   Section        0  entry7b.o(.ARM.Collect$$$$00000008)
    .ARM.Collect$$$$0000000A                 0x080000c8   Section        0  entry8b.o(.ARM.Collect$$$$0000000A)
    .ARM.Collect$$$$0000000B                 0x080000c8   Section        8  entry9a.o(.ARM.Collect$$$$0000000B)
    .ARM.Collect$$$$0000000D                 0x080000d0   Section        0  entry10a.o(.ARM.Collect$$$$0000000D)
    .ARM.Collect$$$$0000000F                 0x080000d0   Section        0  entry11a.o(.ARM.Collect$$$$0000000F)
    .ARM.Collect$$$$00002712                 0x080000d0   Section        4  entry2.o(.ARM.Collect$$$$00002712)
    __lit__00000000                          0x080000d0   Data           4  entry2.o(.ARM.Collect$$$$00002712)
    .text                                    0x080000d4   Section       28  startup_stm32l053xx.o(.text)
    .text                                    0x080000f0   Section        0  uidiv.o(.text)
    .text                                    0x0800011c   Section        0  uldiv.o(.text)
    .text                                    0x0800017c   Section        0  strlen.o(.text)
    .text                                    0x0800018a   Section        0  strncmp.o(.text)
    .text                                    0x080001a8   Section        0  llshl.o(.text)
    .text                                    0x080001c8   Section        0  llushr.o(.text)
    .text                                    0x080001ea   Section        0  iusefp.o(.text)
    .text                                    0x080001ec   Section        0  dadd.o(.text)
    .text                                    0x08000350   Section        0  dmul.o(.text)
    .text                                    0x08000420   Section        0  ddiv.o(.text)
    .text                                    0x08000510   Section        0  dfixul.o(.text)
    .text                                    0x08000550   Section       40  cdrcmple.o(.text)
    .text                                    0x08000578   Section       36  init.o(.text)
    .text                                    0x0800059c   Section        0  llsshr.o(.text)
    .text                                    0x080005c2   Section        0  depilogue.o(.text)
    i.ADC_Config                             0x08000680   Section        0  adc.o(i.ADC_Config)
    i.ADC_DelayMicroSecond                   0x080006e8   Section        0  stm32l0xx_hal_adc.o(i.ADC_DelayMicroSecond)
    ADC_DelayMicroSecond                     0x080006e9   Thumb Code    28  stm32l0xx_hal_adc.o(i.ADC_DelayMicroSecond)
    i.ADC_Enable                             0x0800070c   Section        0  stm32l0xx_hal_adc.o(i.ADC_Enable)
    ADC_Enable                               0x0800070d   Thumb Code    96  stm32l0xx_hal_adc.o(i.ADC_Enable)
    i.BSP_LED_Init                           0x08000770   Section        0  stm32l0538_discovery.o(i.BSP_LED_Init)
    i.BSP_LED_Off                            0x080007c8   Section        0  stm32l0538_discovery.o(i.BSP_LED_Off)
    i.BSP_LED_On                             0x080007e8   Section        0  stm32l0538_discovery.o(i.BSP_LED_On)
    i.EXTI0_1_IRQHandler                     0x08000808   Section        0  stm32l0xx_it.o(i.EXTI0_1_IRQHandler)
    i.Error_Handler                          0x08000812   Section        0  main.o(i.Error_Handler)
    i.HAL_ADCEx_Calibration_Start            0x080008f8   Section        0  stm32l0xx_hal_adc_ex.o(i.HAL_ADCEx_Calibration_Start)
    i.HAL_ADC_ConfigChannel                  0x080009a4   Section        0  stm32l0xx_hal_adc.o(i.HAL_ADC_ConfigChannel)
    i.HAL_ADC_GetValue                       0x08000a5c   Section        0  stm32l0xx_hal_adc.o(i.HAL_ADC_GetValue)
    i.HAL_ADC_Init                           0x08000a64   Section        0  stm32l0xx_hal_adc.o(i.HAL_ADC_Init)
    i.HAL_ADC_MspInit                        0x08000c28   Section        0  stm32l0xx_hal_adc.o(i.HAL_ADC_MspInit)
    i.HAL_ADC_PollForConversion              0x08000c2a   Section        0  stm32l0xx_hal_adc.o(i.HAL_ADC_PollForConversion)
    i.HAL_ADC_Start                          0x08000ce8   Section        0  stm32l0xx_hal_adc.o(i.HAL_ADC_Start)
    i.HAL_DMA_Abort_IT                       0x08000d44   Section        0  stm32l0xx_hal_dma.o(i.HAL_DMA_Abort_IT)
    i.HAL_Delay                              0x08000ddc   Section        0  stm32l0xx_hal.o(i.HAL_Delay)
    i.HAL_GPIO_DeInit                        0x08000df4   Section        0  stm32l0xx_hal_gpio.o(i.HAL_GPIO_DeInit)
    i.HAL_GPIO_EXTI_Callback                 0x08000ed8   Section        0  main.o(i.HAL_GPIO_EXTI_Callback)
    i.HAL_GPIO_EXTI_IRQHandler               0x08000edc   Section        0  stm32l0xx_hal_gpio.o(i.HAL_GPIO_EXTI_IRQHandler)
    i.HAL_GPIO_Init                          0x08000ef4   Section        0  stm32l0xx_hal_gpio.o(i.HAL_GPIO_Init)
    i.HAL_GPIO_WritePin                      0x0800106c   Section        0  stm32l0xx_hal_gpio.o(i.HAL_GPIO_WritePin)
    i.HAL_GetTick                            0x08001078   Section        0  stm32l0xx_hal.o(i.HAL_GetTick)
    i.HAL_IncTick                            0x08001084   Section        0  stm32l0xx_hal.o(i.HAL_IncTick)
    i.HAL_Init                               0x08001094   Section        0  stm32l0xx_hal.o(i.HAL_Init)
    i.HAL_InitTick                           0x080010b4   Section        0  stm32l0xx_hal.o(i.HAL_InitTick)
    i.HAL_MspInit                            0x080010dc   Section        0  stm32l0xx_hal_msp_template.o(i.HAL_MspInit)
    i.HAL_NVIC_DisableIRQ                    0x080010e0   Section        0  stm32l0xx_hal_cortex.o(i.HAL_NVIC_DisableIRQ)
    i.HAL_NVIC_EnableIRQ                     0x08001100   Section        0  stm32l0xx_hal_cortex.o(i.HAL_NVIC_EnableIRQ)
    i.HAL_NVIC_SetPriority                   0x08001118   Section        0  stm32l0xx_hal_cortex.o(i.HAL_NVIC_SetPriority)
    i.HAL_RCCEx_GetPeriphCLKFreq             0x08001120   Section        0  stm32l0xx_hal_rcc_ex.o(i.HAL_RCCEx_GetPeriphCLKFreq)
    i.HAL_RCCEx_PeriphCLKConfig              0x080012c4   Section        0  stm32l0xx_hal_rcc_ex.o(i.HAL_RCCEx_PeriphCLKConfig)
    i.HAL_RCC_ClockConfig                    0x0800145c   Section        0  stm32l0xx_hal_rcc.o(i.HAL_RCC_ClockConfig)
    i.HAL_RCC_GetPCLK1Freq                   0x080015c4   Section        0  stm32l0xx_hal_rcc.o(i.HAL_RCC_GetPCLK1Freq)
    i.HAL_RCC_GetPCLK2Freq                   0x080015e4   Section        0  stm32l0xx_hal_rcc.o(i.HAL_RCC_GetPCLK2Freq)
    i.HAL_RCC_GetSysClockFreq                0x08001604   Section        0  stm32l0xx_hal_rcc.o(i.HAL_RCC_GetSysClockFreq)
    i.HAL_RCC_OscConfig                      0x0800167c   Section        0  stm32l0xx_hal_rcc.o(i.HAL_RCC_OscConfig)
    i.HAL_SYSTICK_Config                     0x08001ad0   Section        0  stm32l0xx_hal_cortex.o(i.HAL_SYSTICK_Config)
    i.HAL_TIMEx_MasterConfigSynchronization  0x08001b00   Section        0  stm32l0xx_hal_tim_ex.o(i.HAL_TIMEx_MasterConfigSynchronization)
    i.HAL_TIM_Base_Init                      0x08001b48   Section        0  stm32l0xx_hal_tim.o(i.HAL_TIM_Base_Init)
    i.HAL_TIM_Base_MspInit                   0x08001b7c   Section        0  stm32l0xx_hal_tim.o(i.HAL_TIM_Base_MspInit)
    i.HAL_TIM_Base_Start                     0x08001b7e   Section        0  stm32l0xx_hal_tim.o(i.HAL_TIM_Base_Start)
    i.HAL_UARTEx_EnableStopMode              0x08001b96   Section        0  stm32l0xx_hal_uart_ex.o(i.HAL_UARTEx_EnableStopMode)
    i.HAL_UARTEx_StopModeWakeUpSourceConfig  0x08001bc0   Section        0  stm32l0xx_hal_uart_ex.o(i.HAL_UARTEx_StopModeWakeUpSourceConfig)
    i.HAL_UARTEx_WakeupCallback              0x08001c58   Section        0  lpuart.o(i.HAL_UARTEx_WakeupCallback)
    i.HAL_UART_DeInit                        0x08001c62   Section        0  stm32l0xx_hal_uart.o(i.HAL_UART_DeInit)
    i.HAL_UART_ErrorCallback                 0x08001ca0   Section        0  lpuart.o(i.HAL_UART_ErrorCallback)
    i.HAL_UART_IRQHandler                    0x08001ca8   Section        0  stm32l0xx_hal_uart.o(i.HAL_UART_IRQHandler)
    i.HAL_UART_Init                          0x08001dec   Section        0  stm32l0xx_hal_uart.o(i.HAL_UART_Init)
    i.HAL_UART_MspDeInit                     0x08001e58   Section        0  stm32l0xx_hal_msp.o(i.HAL_UART_MspDeInit)
    i.HAL_UART_MspInit                       0x08001e90   Section        0  stm32l0xx_hal_msp.o(i.HAL_UART_MspInit)
    i.HAL_UART_Receive                       0x08001f20   Section        0  stm32l0xx_hal_uart.o(i.HAL_UART_Receive)
    i.HAL_UART_RxCpltCallback                0x08002020   Section        0  stm32l0xx_hal_uart.o(i.HAL_UART_RxCpltCallback)
    i.HAL_UART_Transmit                      0x08002022   Section        0  stm32l0xx_hal_uart.o(i.HAL_UART_Transmit)
    i.HAL_UART_TxCpltCallback                0x080020ea   Section        0  stm32l0xx_hal_uart.o(i.HAL_UART_TxCpltCallback)
    i.HardFault_Handler                      0x080020ec   Section        0  stm32l0xx_it.o(i.HardFault_Handler)
    i.NMI_Handler                            0x080020ee   Section        0  stm32l0xx_it.o(i.NMI_Handler)
    i.PendSV_Handler                         0x080020f0   Section        0  stm32l0xx_it.o(i.PendSV_Handler)
    i.RCC_SetFlashLatencyFromMSIRange        0x080020f4   Section        0  stm32l0xx_hal_rcc.o(i.RCC_SetFlashLatencyFromMSIRange)
    RCC_SetFlashLatencyFromMSIRange          0x080020f5   Thumb Code    94  stm32l0xx_hal_rcc.o(i.RCC_SetFlashLatencyFromMSIRange)
    i.RNG_LPUART1_IRQHandler                 0x08002164   Section        0  stm32l0xx_it.o(i.RNG_LPUART1_IRQHandler)
    i.SVC_Handler                            0x08002174   Section        0  stm32l0xx_it.o(i.SVC_Handler)
    i.SysTick_Handler                        0x08002176   Section        0  stm32l0xx_it.o(i.SysTick_Handler)
    i.SystemClock_Config                     0x08002180   Section        0  main.o(i.SystemClock_Config)
    SystemClock_Config                       0x08002181   Thumb Code    90  main.o(i.SystemClock_Config)
    i.SystemInit                             0x080021e4   Section        0  system_stm32l0xx.o(i.SystemInit)
    i.TIM_Base_SetConfig                     0x08002238   Section        0  stm32l0xx_hal_tim.o(i.TIM_Base_SetConfig)
    TIM_Base_SetConfig                       0x08002239   Thumb Code    70  stm32l0xx_hal_tim.o(i.TIM_Base_SetConfig)
    i.TIM_Config                             0x08002288   Section        0  adc.o(i.TIM_Config)
    i.UART_AdvFeatureConfig                  0x080022d8   Section        0  stm32l0xx_hal_uart.o(i.UART_AdvFeatureConfig)
    i.UART_CheckIdleState                    0x080023a4   Section        0  stm32l0xx_hal_uart.o(i.UART_CheckIdleState)
    i.UART_DMAAbortOnError                   0x08002404   Section        0  stm32l0xx_hal_uart.o(i.UART_DMAAbortOnError)
    UART_DMAAbortOnError                     0x08002405   Thumb Code    20  stm32l0xx_hal_uart.o(i.UART_DMAAbortOnError)
    i.UART_EndRxTransfer                     0x08002418   Section        0  stm32l0xx_hal_uart.o(i.UART_EndRxTransfer)
    UART_EndRxTransfer                       0x08002419   Thumb Code    30  stm32l0xx_hal_uart.o(i.UART_EndRxTransfer)
    i.UART_Receive_IT                        0x08002436   Section        0  stm32l0xx_hal_uart.o(i.UART_Receive_IT)
    UART_Receive_IT                          0x08002437   Thumb Code   126  stm32l0xx_hal_uart.o(i.UART_Receive_IT)
    i.UART_SetConfig                         0x080024b4   Section        0  stm32l0xx_hal_uart.o(i.UART_SetConfig)
    i.UART_Transmit_IT                       0x080026d0   Section        0  stm32l0xx_hal_uart.o(i.UART_Transmit_IT)
    UART_Transmit_IT                         0x080026d1   Thumb Code   102  stm32l0xx_hal_uart.o(i.UART_Transmit_IT)
    i.UART_WaitOnFlagUntilTimeout            0x08002736   Section        0  stm32l0xx_hal_uart.o(i.UART_WaitOnFlagUntilTimeout)
    i.__0sprintf                             0x08002798   Section        0  printfa.o(i.__0sprintf)
    i.__ARM_clz                              0x080027c0   Section        0  depilogue.o(i.__ARM_clz)
    i.__ARM_common_switch8                   0x080027ee   Section        0  stm32l0xx_hal_tim.o(i.__ARM_common_switch8)
    i.__NVIC_SetPriority                     0x08002808   Section        0  stm32l0xx_hal_cortex.o(i.__NVIC_SetPriority)
    __NVIC_SetPriority                       0x08002809   Thumb Code    60  stm32l0xx_hal_cortex.o(i.__NVIC_SetPriority)
    i.__scatterload_copy                     0x0800284c   Section       14  handlers.o(i.__scatterload_copy)
    i.__scatterload_null                     0x0800285a   Section        2  handlers.o(i.__scatterload_null)
    i.__scatterload_zeroinit                 0x0800285c   Section       14  handlers.o(i.__scatterload_zeroinit)
    i._fp_digits                             0x0800286c   Section        0  printfa.o(i._fp_digits)
    _fp_digits                               0x0800286d   Thumb Code   344  printfa.o(i._fp_digits)
    i._printf_core                           0x080029e0   Section        0  printfa.o(i._printf_core)
    _printf_core                             0x080029e1   Thumb Code  1754  printfa.o(i._printf_core)
    i._printf_post_padding                   0x080030cc   Section        0  printfa.o(i._printf_post_padding)
    _printf_post_padding                     0x080030cd   Thumb Code    32  printfa.o(i._printf_post_padding)
    i._printf_pre_padding                    0x080030ec   Section        0  printfa.o(i._printf_pre_padding)
    _printf_pre_padding                      0x080030ed   Thumb Code    44  printfa.o(i._printf_pre_padding)
    i._sputc                                 0x08003118   Section        0  printfa.o(i._sputc)
    _sputc                                   0x08003119   Thumb Code    10  printfa.o(i._sputc)
    i.bLPUART_Transmit                       0x08003124   Section        0  lpuart.o(i.bLPUART_Transmit)
    i.main                                   0x08003150   Section        0  main.o(i.main)
    i.vLPUART_Init                           0x08003324   Section        0  lpuart.o(i.vLPUART_Init)
    .constdata                               0x08003360   Section        8  stm32l0538_discovery.o(.constdata)
    .constdata                               0x08003368   Section       25  system_stm32l0xx.o(.constdata)
    .constdata                               0x08003381   Section        8  system_stm32l0xx.o(.constdata)
    .data                                    0x20000000   Section       12  stm32l0538_discovery.o(.data)
    .data                                    0x2000000c   Section        4  stm32l0xx_hal.o(.data)
    .data                                    0x20000010   Section       12  main.o(.data)
    .data                                    0x2000001c   Section        4  system_stm32l0xx.o(.data)
    .data                                    0x20000020   Section        1  adc.o(.data)
    .bss                                     0x20000024   Section       70  main.o(.bss)
    .bss                                     0x2000006c   Section      112  lpuart.o(.bss)
    .bss                                     0x200000dc   Section      152  adc.o(.bss)
    STACK                                    0x20000178   Section     1024  startup_stm32l053xx.o(STACK)

    Global Symbols

    Symbol Name                              Value     Ov Type        Size  Object(Section)

    BuildAttributes$$THM_ISAv3M$S$PE$A:L22$X:L11$S22$IEEE1$IW$USESV6$~STKCKD$USESV7$~SHL$OSPACE$ROPI$EBA8$MICROLIB$REQ8$PRES8$EABIv2 0x00000000   Number         0  anon$$obj.o ABSOLUTE
    __ARM_use_no_argv                        0x00000000   Number         0  main.o ABSOLUTE
    _printf_a                                0x00000000   Number         0  stubs.o ABSOLUTE
    _printf_c                                0x00000000   Number         0  stubs.o ABSOLUTE
    _printf_charcount                        0x00000000   Number         0  stubs.o ABSOLUTE
    _printf_d                                0x00000000   Number         0  stubs.o ABSOLUTE
    _printf_e                                0x00000000   Number         0  stubs.o ABSOLUTE
    _printf_f                                0x00000000   Number         0  stubs.o ABSOLUTE
    _printf_flags                            0x00000000   Number         0  stubs.o ABSOLUTE
    _printf_fp_dec                           0x00000000   Number         0  stubs.o ABSOLUTE
    _printf_fp_hex                           0x00000000   Number         0  stubs.o ABSOLUTE
    _printf_g                                0x00000000   Number         0  stubs.o ABSOLUTE
    _printf_i                                0x00000000   Number         0  stubs.o ABSOLUTE
    _printf_int_dec                          0x00000000   Number         0  stubs.o ABSOLUTE
    _printf_l                                0x00000000   Number         0  stubs.o ABSOLUTE
    _printf_lc                               0x00000000   Number         0  stubs.o ABSOLUTE
    _printf_ll                               0x00000000   Number         0  stubs.o ABSOLUTE
    _printf_lld                              0x00000000   Number         0  stubs.o ABSOLUTE
    _printf_lli                              0x00000000   Number         0  stubs.o ABSOLUTE
    _printf_llo                              0x00000000   Number         0  stubs.o ABSOLUTE
    _printf_llu                              0x00000000   Number         0  stubs.o ABSOLUTE
    _printf_llx                              0x00000000   Number         0  stubs.o ABSOLUTE
    _printf_longlong_dec                     0x00000000   Number         0  stubs.o ABSOLUTE
    _printf_longlong_hex                     0x00000000   Number         0  stubs.o ABSOLUTE
    _printf_longlong_oct                     0x00000000   Number         0  stubs.o ABSOLUTE
    _printf_ls                               0x00000000   Number         0  stubs.o ABSOLUTE
    _printf_mbtowc                           0x00000000   Number         0  stubs.o ABSOLUTE
    _printf_n                                0x00000000   Number         0  stubs.o ABSOLUTE
    _printf_o                                0x00000000   Number         0  stubs.o ABSOLUTE
    _printf_p                                0x00000000   Number         0  stubs.o ABSOLUTE
    _printf_percent                          0x00000000   Number         0  stubs.o ABSOLUTE
    _printf_pre_padding                      0x00000000   Number         0  stubs.o ABSOLUTE
    _printf_return_value                     0x00000000   Number         0  stubs.o ABSOLUTE
    _printf_s                                0x00000000   Number         0  stubs.o ABSOLUTE
    _printf_sizespec                         0x00000000   Number         0  stubs.o ABSOLUTE
    _printf_str                              0x00000000   Number         0  stubs.o ABSOLUTE
    _printf_truncate_signed                  0x00000000   Number         0  stubs.o ABSOLUTE
    _printf_truncate_unsigned                0x00000000   Number         0  stubs.o ABSOLUTE
    _printf_u                                0x00000000   Number         0  stubs.o ABSOLUTE
    _printf_wc                               0x00000000   Number         0  stubs.o ABSOLUTE
    _printf_wctomb                           0x00000000   Number         0  stubs.o ABSOLUTE
    _printf_widthprec                        0x00000000   Number         0  stubs.o ABSOLUTE
    _printf_x                                0x00000000   Number         0  stubs.o ABSOLUTE
    __cpp_initialize__aeabi_                  - Undefined Weak Reference
    __cxa_finalize                            - Undefined Weak Reference
    __decompress                              - Undefined Weak Reference
    _clock_init                               - Undefined Weak Reference
    _microlib_exit                            - Undefined Weak Reference
    __Vectors_Size                           0x000000c0   Number         0  startup_stm32l053xx.o ABSOLUTE
    __Vectors                                0x08000000   Data           4  startup_stm32l053xx.o(RESET)
    __Vectors_End                            0x080000c0   Data           0  startup_stm32l053xx.o(RESET)
    __main                                   0x080000c1   Thumb Code     0  entry.o(.ARM.Collect$$$$00000000)
    _main_stk                                0x080000c1   Thumb Code     0  entry2.o(.ARM.Collect$$$$00000001)
    _main_scatterload                        0x080000c5   Thumb Code     0  entry5.o(.ARM.Collect$$$$00000004)
    __main_after_scatterload                 0x080000c9   Thumb Code     0  entry5.o(.ARM.Collect$$$$00000004)
    _main_clock                              0x080000c9   Thumb Code     0  entry7b.o(.ARM.Collect$$$$00000008)
    _main_cpp_init                           0x080000c9   Thumb Code     0  entry8b.o(.ARM.Collect$$$$0000000A)
    _main_init                               0x080000c9   Thumb Code     0  entry9a.o(.ARM.Collect$$$$0000000B)
    __rt_final_cpp                           0x080000d1   Thumb Code     0  entry10a.o(.ARM.Collect$$$$0000000D)
    __rt_final_exit                          0x080000d1   Thumb Code     0  entry11a.o(.ARM.Collect$$$$0000000F)
    Reset_Handler                            0x080000d5   Thumb Code     8  startup_stm32l053xx.o(.text)
    ADC1_COMP_IRQHandler                     0x080000e7   Thumb Code     0  startup_stm32l053xx.o(.text)
    DMA1_Channel1_IRQHandler                 0x080000e7   Thumb Code     0  startup_stm32l053xx.o(.text)
    DMA1_Channel2_3_IRQHandler               0x080000e7   Thumb Code     0  startup_stm32l053xx.o(.text)
    DMA1_Channel4_5_6_7_IRQHandler           0x080000e7   Thumb Code     0  startup_stm32l053xx.o(.text)
    EXTI2_3_IRQHandler                       0x080000e7   Thumb Code     0  startup_stm32l053xx.o(.text)
    EXTI4_15_IRQHandler                      0x080000e7   Thumb Code     0  startup_stm32l053xx.o(.text)
    FLASH_IRQHandler                         0x080000e7   Thumb Code     0  startup_stm32l053xx.o(.text)
    I2C1_IRQHandler                          0x080000e7   Thumb Code     0  startup_stm32l053xx.o(.text)
    I2C2_IRQHandler                          0x080000e7   Thumb Code     0  startup_stm32l053xx.o(.text)
    LCD_IRQHandler                           0x080000e7   Thumb Code     0  startup_stm32l053xx.o(.text)
    LPTIM1_IRQHandler                        0x080000e7   Thumb Code     0  startup_stm32l053xx.o(.text)
    PVD_IRQHandler                           0x080000e7   Thumb Code     0  startup_stm32l053xx.o(.text)
    RCC_CRS_IRQHandler                       0x080000e7   Thumb Code     0  startup_stm32l053xx.o(.text)
    RTC_IRQHandler                           0x080000e7   Thumb Code     0  startup_stm32l053xx.o(.text)
    SPI1_IRQHandler                          0x080000e7   Thumb Code     0  startup_stm32l053xx.o(.text)
    SPI2_IRQHandler                          0x080000e7   Thumb Code     0  startup_stm32l053xx.o(.text)
    TIM21_IRQHandler                         0x080000e7   Thumb Code     0  startup_stm32l053xx.o(.text)
    TIM22_IRQHandler                         0x080000e7   Thumb Code     0  startup_stm32l053xx.o(.text)
    TIM2_IRQHandler                          0x080000e7   Thumb Code     0  startup_stm32l053xx.o(.text)
    TIM6_DAC_IRQHandler                      0x080000e7   Thumb Code     0  startup_stm32l053xx.o(.text)
    TSC_IRQHandler                           0x080000e7   Thumb Code     0  startup_stm32l053xx.o(.text)
    USART1_IRQHandler                        0x080000e7   Thumb Code     0  startup_stm32l053xx.o(.text)
    USART2_IRQHandler                        0x080000e7   Thumb Code     0  startup_stm32l053xx.o(.text)
    USB_IRQHandler                           0x080000e7   Thumb Code     0  startup_stm32l053xx.o(.text)
    WWDG_IRQHandler                          0x080000e7   Thumb Code     0  startup_stm32l053xx.o(.text)
    __aeabi_uidiv                            0x080000f1   Thumb Code     0  uidiv.o(.text)
    __aeabi_uidivmod                         0x080000f1   Thumb Code    44  uidiv.o(.text)
    __aeabi_uldivmod                         0x0800011d   Thumb Code    96  uldiv.o(.text)
    strlen                                   0x0800017d   Thumb Code    14  strlen.o(.text)
    strncmp                                  0x0800018b   Thumb Code    30  strncmp.o(.text)
    __aeabi_llsl                             0x080001a9   Thumb Code    32  llshl.o(.text)
    _ll_shift_l                              0x080001a9   Thumb Code     0  llshl.o(.text)
    __aeabi_llsr                             0x080001c9   Thumb Code    34  llushr.o(.text)
    _ll_ushift_r                             0x080001c9   Thumb Code     0  llushr.o(.text)
    __I$use$fp                               0x080001eb   Thumb Code     0  iusefp.o(.text)
    __aeabi_dadd                             0x080001ed   Thumb Code   328  dadd.o(.text)
    __aeabi_dsub                             0x08000335   Thumb Code    12  dadd.o(.text)
    __aeabi_drsub                            0x08000341   Thumb Code    12  dadd.o(.text)
    __aeabi_dmul                             0x08000351   Thumb Code   202  dmul.o(.text)
    __aeabi_ddiv                             0x08000421   Thumb Code   234  ddiv.o(.text)
    __aeabi_d2ulz                            0x08000511   Thumb Code    54  dfixul.o(.text)
    __aeabi_cdrcmple                         0x08000551   Thumb Code    38  cdrcmple.o(.text)
    __scatterload                            0x08000579   Thumb Code    28  init.o(.text)
    __scatterload_rt2                        0x08000579   Thumb Code     0  init.o(.text)
    __aeabi_lasr                             0x0800059d   Thumb Code    38  llsshr.o(.text)
    _ll_sshift_r                             0x0800059d   Thumb Code     0  llsshr.o(.text)
    _double_round                            0x080005c3   Thumb Code    26  depilogue.o(.text)
    _double_epilogue                         0x080005dd   Thumb Code   164  depilogue.o(.text)
    ADC_Config                               0x08000681   Thumb Code    90  adc.o(i.ADC_Config)
    BSP_LED_Init                             0x08000771   Thumb Code    76  stm32l0538_discovery.o(i.BSP_LED_Init)
    BSP_LED_Off                              0x080007c9   Thumb Code    22  stm32l0538_discovery.o(i.BSP_LED_Off)
    BSP_LED_On                               0x080007e9   Thumb Code    22  stm32l0538_discovery.o(i.BSP_LED_On)
    EXTI0_1_IRQHandler                       0x08000809   Thumb Code    10  stm32l0xx_it.o(i.EXTI0_1_IRQHandler)
    Error_Handler                            0x08000813   Thumb Code   230  main.o(i.Error_Handler)
    HAL_ADCEx_Calibration_Start              0x080008f9   Thumb Code   170  stm32l0xx_hal_adc_ex.o(i.HAL_ADCEx_Calibration_Start)
    HAL_ADC_ConfigChannel                    0x080009a5   Thumb Code   174  stm32l0xx_hal_adc.o(i.HAL_ADC_ConfigChannel)
    HAL_ADC_GetValue                         0x08000a5d   Thumb Code     6  stm32l0xx_hal_adc.o(i.HAL_ADC_GetValue)
    HAL_ADC_Init                             0x08000a65   Thumb Code   442  stm32l0xx_hal_adc.o(i.HAL_ADC_Init)
    HAL_ADC_MspInit                          0x08000c29   Thumb Code     2  stm32l0xx_hal_adc.o(i.HAL_ADC_MspInit)
    HAL_ADC_PollForConversion                0x08000c2b   Thumb Code   190  stm32l0xx_hal_adc.o(i.HAL_ADC_PollForConversion)
    HAL_ADC_Start                            0x08000ce9   Thumb Code    86  stm32l0xx_hal_adc.o(i.HAL_ADC_Start)
    HAL_DMA_Abort_IT                         0x08000d45   Thumb Code   148  stm32l0xx_hal_dma.o(i.HAL_DMA_Abort_IT)
    HAL_Delay                                0x08000ddd   Thumb Code    22  stm32l0xx_hal.o(i.HAL_Delay)
    HAL_GPIO_DeInit                          0x08000df5   Thumb Code   202  stm32l0xx_hal_gpio.o(i.HAL_GPIO_DeInit)
    HAL_GPIO_EXTI_Callback                   0x08000ed9   Thumb Code     2  main.o(i.HAL_GPIO_EXTI_Callback)
    HAL_GPIO_EXTI_IRQHandler                 0x08000edd   Thumb Code    18  stm32l0xx_hal_gpio.o(i.HAL_GPIO_EXTI_IRQHandler)
    HAL_GPIO_Init                            0x08000ef5   Thumb Code   346  stm32l0xx_hal_gpio.o(i.HAL_GPIO_Init)
    HAL_GPIO_WritePin                        0x0800106d   Thumb Code    12  stm32l0xx_hal_gpio.o(i.HAL_GPIO_WritePin)
    HAL_GetTick                              0x08001079   Thumb Code     6  stm32l0xx_hal.o(i.HAL_GetTick)
    HAL_IncTick                              0x08001085   Thumb Code    10  stm32l0xx_hal.o(i.HAL_IncTick)
    HAL_Init                                 0x08001095   Thumb Code    26  stm32l0xx_hal.o(i.HAL_Init)
    HAL_InitTick                             0x080010b5   Thumb Code    34  stm32l0xx_hal.o(i.HAL_InitTick)
    HAL_MspInit                              0x080010dd   Thumb Code     2  stm32l0xx_hal_msp_template.o(i.HAL_MspInit)
    HAL_NVIC_DisableIRQ                      0x080010e1   Thumb Code    26  stm32l0xx_hal_cortex.o(i.HAL_NVIC_DisableIRQ)
    HAL_NVIC_EnableIRQ                       0x08001101   Thumb Code    18  stm32l0xx_hal_cortex.o(i.HAL_NVIC_EnableIRQ)
    HAL_NVIC_SetPriority                     0x08001119   Thumb Code     8  stm32l0xx_hal_cortex.o(i.HAL_NVIC_SetPriority)
    HAL_RCCEx_GetPeriphCLKFreq               0x08001121   Thumb Code   380  stm32l0xx_hal_rcc_ex.o(i.HAL_RCCEx_GetPeriphCLKFreq)
    HAL_RCCEx_PeriphCLKConfig                0x080012c5   Thumb Code   396  stm32l0xx_hal_rcc_ex.o(i.HAL_RCCEx_PeriphCLKConfig)
    HAL_RCC_ClockConfig                      0x0800145d   Thumb Code   340  stm32l0xx_hal_rcc.o(i.HAL_RCC_ClockConfig)
    HAL_RCC_GetPCLK1Freq                     0x080015c5   Thumb Code    20  stm32l0xx_hal_rcc.o(i.HAL_RCC_GetPCLK1Freq)
    HAL_RCC_GetPCLK2Freq                     0x080015e5   Thumb Code    20  stm32l0xx_hal_rcc.o(i.HAL_RCC_GetPCLK2Freq)
    HAL_RCC_GetSysClockFreq                  0x08001605   Thumb Code   100  stm32l0xx_hal_rcc.o(i.HAL_RCC_GetSysClockFreq)
    HAL_RCC_OscConfig                        0x0800167d   Thumb Code  1106  stm32l0xx_hal_rcc.o(i.HAL_RCC_OscConfig)
    HAL_SYSTICK_Config                       0x08001ad1   Thumb Code    38  stm32l0xx_hal_cortex.o(i.HAL_SYSTICK_Config)
    HAL_TIMEx_MasterConfigSynchronization    0x08001b01   Thumb Code    72  stm32l0xx_hal_tim_ex.o(i.HAL_TIMEx_MasterConfigSynchronization)
    HAL_TIM_Base_Init                        0x08001b49   Thumb Code    52  stm32l0xx_hal_tim.o(i.HAL_TIM_Base_Init)
    HAL_TIM_Base_MspInit                     0x08001b7d   Thumb Code     2  stm32l0xx_hal_tim.o(i.HAL_TIM_Base_MspInit)
    HAL_TIM_Base_Start                       0x08001b7f   Thumb Code    24  stm32l0xx_hal_tim.o(i.HAL_TIM_Base_Start)
    HAL_UARTEx_EnableStopMode                0x08001b97   Thumb Code    42  stm32l0xx_hal_uart_ex.o(i.HAL_UARTEx_EnableStopMode)
    HAL_UARTEx_StopModeWakeUpSourceConfig    0x08001bc1   Thumb Code   148  stm32l0xx_hal_uart_ex.o(i.HAL_UARTEx_StopModeWakeUpSourceConfig)
    HAL_UARTEx_WakeupCallback                0x08001c59   Thumb Code    10  lpuart.o(i.HAL_UARTEx_WakeupCallback)
    HAL_UART_DeInit                          0x08001c63   Thumb Code    62  stm32l0xx_hal_uart.o(i.HAL_UART_DeInit)
    HAL_UART_ErrorCallback                   0x08001ca1   Thumb Code     8  lpuart.o(i.HAL_UART_ErrorCallback)
    HAL_UART_IRQHandler                      0x08001ca9   Thumb Code   318  stm32l0xx_hal_uart.o(i.HAL_UART_IRQHandler)
    HAL_UART_Init                            0x08001ded   Thumb Code   108  stm32l0xx_hal_uart.o(i.HAL_UART_Init)
    HAL_UART_MspDeInit                       0x08001e59   Thumb Code    48  stm32l0xx_hal_msp.o(i.HAL_UART_MspDeInit)
    HAL_UART_MspInit                         0x08001e91   Thumb Code   136  stm32l0xx_hal_msp.o(i.HAL_UART_MspInit)
    HAL_UART_Receive                         0x08001f21   Thumb Code   250  stm32l0xx_hal_uart.o(i.HAL_UART_Receive)
    HAL_UART_RxCpltCallback                  0x08002021   Thumb Code     2  stm32l0xx_hal_uart.o(i.HAL_UART_RxCpltCallback)
    HAL_UART_Transmit                        0x08002023   Thumb Code   200  stm32l0xx_hal_uart.o(i.HAL_UART_Transmit)
    HAL_UART_TxCpltCallback                  0x080020eb   Thumb Code     2  stm32l0xx_hal_uart.o(i.HAL_UART_TxCpltCallback)
    HardFault_Handler                        0x080020ed   Thumb Code     2  stm32l0xx_it.o(i.HardFault_Handler)
    NMI_Handler                              0x080020ef   Thumb Code     2  stm32l0xx_it.o(i.NMI_Handler)
    PendSV_Handler                           0x080020f1   Thumb Code     2  stm32l0xx_it.o(i.PendSV_Handler)
    RNG_LPUART1_IRQHandler                   0x08002165   Thumb Code    10  stm32l0xx_it.o(i.RNG_LPUART1_IRQHandler)
    SVC_Handler                              0x08002175   Thumb Code     2  stm32l0xx_it.o(i.SVC_Handler)
    SysTick_Handler                          0x08002177   Thumb Code     8  stm32l0xx_it.o(i.SysTick_Handler)
    SystemInit                               0x080021e5   Thumb Code    66  system_stm32l0xx.o(i.SystemInit)
    TIM_Config                               0x08002289   Thumb Code    72  adc.o(i.TIM_Config)
    UART_AdvFeatureConfig                    0x080022d9   Thumb Code   202  stm32l0xx_hal_uart.o(i.UART_AdvFeatureConfig)
    UART_CheckIdleState                      0x080023a5   Thumb Code    90  stm32l0xx_hal_uart.o(i.UART_CheckIdleState)
    UART_SetConfig                           0x080024b5   Thumb Code   498  stm32l0xx_hal_uart.o(i.UART_SetConfig)
    UART_WaitOnFlagUntilTimeout              0x08002737   Thumb Code    98  stm32l0xx_hal_uart.o(i.UART_WaitOnFlagUntilTimeout)
    __0sprintf                               0x08002799   Thumb Code    36  printfa.o(i.__0sprintf)
    __1sprintf                               0x08002799   Thumb Code     0  printfa.o(i.__0sprintf)
    __2sprintf                               0x08002799   Thumb Code     0  printfa.o(i.__0sprintf)
    __c89sprintf                             0x08002799   Thumb Code     0  printfa.o(i.__0sprintf)
    sprintf                                  0x08002799   Thumb Code     0  printfa.o(i.__0sprintf)
    __ARM_clz                                0x080027c1   Thumb Code    46  depilogue.o(i.__ARM_clz)
    __ARM_common_switch8                     0x080027ef   Thumb Code    26  stm32l0xx_hal_tim.o(i.__ARM_common_switch8)
    __scatterload_copy                       0x0800284d   Thumb Code    14  handlers.o(i.__scatterload_copy)
    __scatterload_null                       0x0800285b   Thumb Code     2  handlers.o(i.__scatterload_null)
    __scatterload_zeroinit                   0x0800285d   Thumb Code    14  handlers.o(i.__scatterload_zeroinit)
    bLPUART_Transmit                         0x08003125   Thumb Code    36  lpuart.o(i.bLPUART_Transmit)
    main                                     0x08003151   Thumb Code   334  main.o(i.main)
    vLPUART_Init                             0x08003325   Thumb Code    52  lpuart.o(i.vLPUART_Init)
    BUTTON_IRQn                              0x08003360   Data           1  stm32l0538_discovery.o(.constdata)
    BUTTON_PIN                               0x08003362   Data           2  stm32l0538_discovery.o(.constdata)
    GPIO_PIN                                 0x08003364   Data           4  stm32l0538_discovery.o(.constdata)
    AHBPrescTable                            0x08003368   Data          16  system_stm32l0xx.o(.constdata)
    PLLMulTable                              0x08003378   Data           9  system_stm32l0xx.o(.constdata)
    APBPrescTable                            0x08003381   Data           8  system_stm32l0xx.o(.constdata)
    Region$$Table$$Base                      0x0800338c   Number         0  anon$$obj.o(Region$$Table)
    Region$$Table$$Limit                     0x080033ac   Number         0  anon$$obj.o(Region$$Table)
    BUTTON_PORT                              0x20000000   Data           4  stm32l0538_discovery.o(.data)
    GPIO_PORT                                0x20000004   Data           8  stm32l0538_discovery.o(.data)
    uwTick                                   0x2000000c   Data           4  stm32l0xx_hal.o(.data)
    uhADCxConvertedValue                     0x20000010   Data           2  main.o(.data)
    uhADCxConvertedVoltage                   0x20000012   Data           2  main.o(.data)
    WakeUpSelection                          0x20000014   Data           8  main.o(.data)
    SystemCoreClock                          0x2000001c   Data           4  system_stm32l0xx.o(.data)
    ubADC_overrun_status                     0x20000020   Data           1  adc.o(.data)
    aTxBuffer                                0x20000024   Data          50  main.o(.bss)
    aRxBuffer                                0x20000056   Data          20  main.o(.bss)
    UartHandle                               0x2000006c   Data         112  lpuart.o(.bss)
    AdcHandle                                0x200000dc   Data          96  adc.o(.bss)
    TimHandle                                0x2000013c   Data          56  adc.o(.bss)
    __initial_sp                             0x20000578   Data           0  startup_stm32l053xx.o(STACK)



==============================================================================

Memory Map of the image

  Image Entry point : 0x080000c1

  Load Region LR_IROM1 (Base: 0x08000000, Size: 0x000033d0, Max: 0x00010000, ABSOLUTE)

    Execution Region ER_IROM1 (Exec base: 0x08000000, Load base: 0x08000000, Size: 0x000033ac, Max: 0x00010000, ABSOLUTE)

    Exec Addr    Load Addr    Size         Type   Attr      Idx    E Section Name        Object

    0x08000000   0x08000000   0x000000c0   Data   RO         3339    RESET               startup_stm32l053xx.o
    0x080000c0   0x080000c0   0x00000000   Code   RO         3461  * .ARM.Collect$$$$00000000  mc_p.l(entry.o)
    0x080000c0   0x080000c0   0x00000004   Code   RO         3735    .ARM.Collect$$$$00000001  mc_p.l(entry2.o)
    0x080000c4   0x080000c4   0x00000004   Code   RO         3738    .ARM.Collect$$$$00000004  mc_p.l(entry5.o)
    0x080000c8   0x080000c8   0x00000000   Code   RO         3740    .ARM.Collect$$$$00000008  mc_p.l(entry7b.o)
    0x080000c8   0x080000c8   0x00000000   Code   RO         3742    .ARM.Collect$$$$0000000A  mc_p.l(entry8b.o)
    0x080000c8   0x080000c8   0x00000008   Code   RO         3743    .ARM.Collect$$$$0000000B  mc_p.l(entry9a.o)
    0x080000d0   0x080000d0   0x00000000   Code   RO         3745    .ARM.Collect$$$$0000000D  mc_p.l(entry10a.o)
    0x080000d0   0x080000d0   0x00000000   Code   RO         3747    .ARM.Collect$$$$0000000F  mc_p.l(entry11a.o)
    0x080000d0   0x080000d0   0x00000004   Code   RO         3736    .ARM.Collect$$$$00002712  mc_p.l(entry2.o)
    0x080000d4   0x080000d4   0x0000001c   Code   RO         3340    .text               startup_stm32l053xx.o
    0x080000f0   0x080000f0   0x0000002c   Code   RO         3464    .text               mc_p.l(uidiv.o)
    0x0800011c   0x0800011c   0x00000060   Code   RO         3466    .text               mc_p.l(uldiv.o)
    0x0800017c   0x0800017c   0x0000000e   Code   RO         3470    .text               mc_p.l(strlen.o)
    0x0800018a   0x0800018a   0x0000001e   Code   RO         3472    .text               mc_p.l(strncmp.o)
    0x080001a8   0x080001a8   0x00000020   Code   RO         3752    .text               mc_p.l(llshl.o)
    0x080001c8   0x080001c8   0x00000022   Code   RO         3754    .text               mc_p.l(llushr.o)
    0x080001ea   0x080001ea   0x00000000   Code   RO         3756    .text               mc_p.l(iusefp.o)
    0x080001ea   0x080001ea   0x00000002   PAD
    0x080001ec   0x080001ec   0x00000164   Code   RO         3757    .text               mf_p.l(dadd.o)
    0x08000350   0x08000350   0x000000d0   Code   RO         3759    .text               mf_p.l(dmul.o)
    0x08000420   0x08000420   0x000000f0   Code   RO         3761    .text               mf_p.l(ddiv.o)
    0x08000510   0x08000510   0x00000040   Code   RO         3763    .text               mf_p.l(dfixul.o)
    0x08000550   0x08000550   0x00000028   Code   RO         3765    .text               mf_p.l(cdrcmple.o)
    0x08000578   0x08000578   0x00000024   Code   RO         3767    .text               mc_p.l(init.o)
    0x0800059c   0x0800059c   0x00000026   Code   RO         3770    .text               mc_p.l(llsshr.o)
    0x080005c2   0x080005c2   0x000000be   Code   RO         3773    .text               mf_p.l(depilogue.o)
    0x08000680   0x08000680   0x00000068   Code   RO         3424    i.ADC_Config        adc.o
    0x080006e8   0x080006e8   0x00000024   Code   RO          434    i.ADC_DelayMicroSecond  stm32l0xx_hal_adc.o
    0x0800070c   0x0800070c   0x00000064   Code   RO          436    i.ADC_Enable        stm32l0xx_hal_adc.o
    0x08000770   0x08000770   0x00000058   Code   RO            4    i.BSP_LED_Init      stm32l0538_discovery.o
    0x080007c8   0x080007c8   0x00000020   Code   RO            5    i.BSP_LED_Off       stm32l0538_discovery.o
    0x080007e8   0x080007e8   0x00000020   Code   RO            6    i.BSP_LED_On        stm32l0538_discovery.o
    0x08000808   0x08000808   0x0000000a   Code   RO         3224    i.EXTI0_1_IRQHandler  stm32l0xx_it.o
    0x08000812   0x08000812   0x000000e6   Code   RO         3289    i.Error_Handler     main.o
    0x080008f8   0x080008f8   0x000000aa   Code   RO          613    i.HAL_ADCEx_Calibration_Start  stm32l0xx_hal_adc_ex.o
    0x080009a2   0x080009a2   0x00000002   PAD
    0x080009a4   0x080009a4   0x000000b8   Code   RO          438    i.HAL_ADC_ConfigChannel  stm32l0xx_hal_adc.o
    0x08000a5c   0x08000a5c   0x00000006   Code   RO          445    i.HAL_ADC_GetValue  stm32l0xx_hal_adc.o
    0x08000a62   0x08000a62   0x00000002   PAD
    0x08000a64   0x08000a64   0x000001c4   Code   RO          447    i.HAL_ADC_Init      stm32l0xx_hal_adc.o
    0x08000c28   0x08000c28   0x00000002   Code   RO          450    i.HAL_ADC_MspInit   stm32l0xx_hal_adc.o
    0x08000c2a   0x08000c2a   0x000000be   Code   RO          451    i.HAL_ADC_PollForConversion  stm32l0xx_hal_adc.o
    0x08000ce8   0x08000ce8   0x0000005c   Code   RO          453    i.HAL_ADC_Start     stm32l0xx_hal_adc.o
    0x08000d44   0x08000d44   0x00000098   Code   RO          859    i.HAL_DMA_Abort_IT  stm32l0xx_hal_dma.o
    0x08000ddc   0x08000ddc   0x00000016   Code   RO          272    i.HAL_Delay         stm32l0xx_hal.o
    0x08000df2   0x08000df2   0x00000002   PAD
    0x08000df4   0x08000df4   0x000000e4   Code   RO         1202    i.HAL_GPIO_DeInit   stm32l0xx_hal_gpio.o
    0x08000ed8   0x08000ed8   0x00000002   Code   RO         3290    i.HAL_GPIO_EXTI_Callback  main.o
    0x08000eda   0x08000eda   0x00000002   PAD
    0x08000edc   0x08000edc   0x00000018   Code   RO         1204    i.HAL_GPIO_EXTI_IRQHandler  stm32l0xx_hal_gpio.o
    0x08000ef4   0x08000ef4   0x00000178   Code   RO         1205    i.HAL_GPIO_Init     stm32l0xx_hal_gpio.o
    0x0800106c   0x0800106c   0x0000000c   Code   RO         1209    i.HAL_GPIO_WritePin  stm32l0xx_hal_gpio.o
    0x08001078   0x08001078   0x0000000c   Code   RO          276    i.HAL_GetTick       stm32l0xx_hal.o
    0x08001084   0x08001084   0x00000010   Code   RO          277    i.HAL_IncTick       stm32l0xx_hal.o
    0x08001094   0x08001094   0x00000020   Code   RO          278    i.HAL_Init          stm32l0xx_hal.o
    0x080010b4   0x080010b4   0x00000028   Code   RO          279    i.HAL_InitTick      stm32l0xx_hal.o
    0x080010dc   0x080010dc   0x00000002   Code   RO         1363    i.HAL_MspInit       stm32l0xx_hal_msp_template.o
    0x080010de   0x080010de   0x00000002   PAD
    0x080010e0   0x080010e0   0x00000020   Code   RO          697    i.HAL_NVIC_DisableIRQ  stm32l0xx_hal_cortex.o
    0x08001100   0x08001100   0x00000018   Code   RO          698    i.HAL_NVIC_EnableIRQ  stm32l0xx_hal_cortex.o
    0x08001118   0x08001118   0x00000008   Code   RO          702    i.HAL_NVIC_SetPriority  stm32l0xx_hal_cortex.o
    0x08001120   0x08001120   0x000001a4   Code   RO         1656    i.HAL_RCCEx_GetPeriphCLKFreq  stm32l0xx_hal_rcc_ex.o
    0x080012c4   0x080012c4   0x00000198   Code   RO         1659    i.HAL_RCCEx_PeriphCLKConfig  stm32l0xx_hal_rcc_ex.o
    0x0800145c   0x0800145c   0x00000168   Code   RO         1545    i.HAL_RCC_ClockConfig  stm32l0xx_hal_rcc.o
    0x080015c4   0x080015c4   0x00000020   Code   RO         1551    i.HAL_RCC_GetPCLK1Freq  stm32l0xx_hal_rcc.o
    0x080015e4   0x080015e4   0x00000020   Code   RO         1552    i.HAL_RCC_GetPCLK2Freq  stm32l0xx_hal_rcc.o
    0x08001604   0x08001604   0x00000078   Code   RO         1553    i.HAL_RCC_GetSysClockFreq  stm32l0xx_hal_rcc.o
    0x0800167c   0x0800167c   0x00000452   Code   RO         1556    i.HAL_RCC_OscConfig  stm32l0xx_hal_rcc.o
    0x08001ace   0x08001ace   0x00000002   PAD
    0x08001ad0   0x08001ad0   0x00000030   Code   RO          706    i.HAL_SYSTICK_Config  stm32l0xx_hal_cortex.o
    0x08001b00   0x08001b00   0x00000048   Code   RO         2713    i.HAL_TIMEx_MasterConfigSynchronization  stm32l0xx_hal_tim_ex.o
    0x08001b48   0x08001b48   0x00000034   Code   RO         2090    i.HAL_TIM_Base_Init  stm32l0xx_hal_tim.o
    0x08001b7c   0x08001b7c   0x00000002   Code   RO         2092    i.HAL_TIM_Base_MspInit  stm32l0xx_hal_tim.o
    0x08001b7e   0x08001b7e   0x00000018   Code   RO         2093    i.HAL_TIM_Base_Start  stm32l0xx_hal_tim.o
    0x08001b96   0x08001b96   0x0000002a   Code   RO         3100    i.HAL_UARTEx_EnableStopMode  stm32l0xx_hal_uart_ex.o
    0x08001bc0   0x08001bc0   0x00000098   Code   RO         3101    i.HAL_UARTEx_StopModeWakeUpSourceConfig  stm32l0xx_hal_uart_ex.o
    0x08001c58   0x08001c58   0x0000000a   Code   RO         3380    i.HAL_UARTEx_WakeupCallback  lpuart.o
    0x08001c62   0x08001c62   0x0000003e   Code   RO         2774    i.HAL_UART_DeInit   stm32l0xx_hal_uart.o
    0x08001ca0   0x08001ca0   0x00000008   Code   RO         3381    i.HAL_UART_ErrorCallback  lpuart.o
    0x08001ca8   0x08001ca8   0x00000144   Code   RO         2778    i.HAL_UART_IRQHandler  stm32l0xx_hal_uart.o
    0x08001dec   0x08001dec   0x0000006c   Code   RO         2779    i.HAL_UART_Init     stm32l0xx_hal_uart.o
    0x08001e58   0x08001e58   0x00000038   Code   RO         3185    i.HAL_UART_MspDeInit  stm32l0xx_hal_msp.o
    0x08001e90   0x08001e90   0x00000090   Code   RO         3186    i.HAL_UART_MspInit  stm32l0xx_hal_msp.o
    0x08001f20   0x08001f20   0x00000100   Code   RO         2782    i.HAL_UART_Receive  stm32l0xx_hal_uart.o
    0x08002020   0x08002020   0x00000002   Code   RO         2785    i.HAL_UART_RxCpltCallback  stm32l0xx_hal_uart.o
    0x08002022   0x08002022   0x000000c8   Code   RO         2787    i.HAL_UART_Transmit  stm32l0xx_hal_uart.o
    0x080020ea   0x080020ea   0x00000002   Code   RO         2790    i.HAL_UART_TxCpltCallback  stm32l0xx_hal_uart.o
    0x080020ec   0x080020ec   0x00000002   Code   RO         3225    i.HardFault_Handler  stm32l0xx_it.o
    0x080020ee   0x080020ee   0x00000002   Code   RO         3226    i.NMI_Handler       stm32l0xx_it.o
    0x080020f0   0x080020f0   0x00000002   Code   RO         3227    i.PendSV_Handler    stm32l0xx_it.o
    0x080020f2   0x080020f2   0x00000002   PAD
    0x080020f4   0x080020f4   0x00000070   Code   RO         1557    i.RCC_SetFlashLatencyFromMSIRange  stm32l0xx_hal_rcc.o
    0x08002164   0x08002164   0x00000010   Code   RO         3228    i.RNG_LPUART1_IRQHandler  stm32l0xx_it.o
    0x08002174   0x08002174   0x00000002   Code   RO         3229    i.SVC_Handler       stm32l0xx_it.o
    0x08002176   0x08002176   0x00000008   Code   RO         3230    i.SysTick_Handler   stm32l0xx_it.o
    0x0800217e   0x0800217e   0x00000002   PAD
    0x08002180   0x08002180   0x00000064   Code   RO         3291    i.SystemClock_Config  main.o
    0x080021e4   0x080021e4   0x00000054   Code   RO         3347    i.SystemInit        system_stm32l0xx.o
    0x08002238   0x08002238   0x00000050   Code   RO         2174    i.TIM_Base_SetConfig  stm32l0xx_hal_tim.o
    0x08002288   0x08002288   0x00000050   Code   RO         3426    i.TIM_Config        adc.o
    0x080022d8   0x080022d8   0x000000ca   Code   RO         2792    i.UART_AdvFeatureConfig  stm32l0xx_hal_uart.o
    0x080023a2   0x080023a2   0x00000002   PAD
    0x080023a4   0x080023a4   0x00000060   Code   RO         2793    i.UART_CheckIdleState  stm32l0xx_hal_uart.o
    0x08002404   0x08002404   0x00000014   Code   RO         2794    i.UART_DMAAbortOnError  stm32l0xx_hal_uart.o
    0x08002418   0x08002418   0x0000001e   Code   RO         2804    i.UART_EndRxTransfer  stm32l0xx_hal_uart.o
    0x08002436   0x08002436   0x0000007e   Code   RO         2806    i.UART_Receive_IT   stm32l0xx_hal_uart.o
    0x080024b4   0x080024b4   0x0000021c   Code   RO         2807    i.UART_SetConfig    stm32l0xx_hal_uart.o
    0x080026d0   0x080026d0   0x00000066   Code   RO         2808    i.UART_Transmit_IT  stm32l0xx_hal_uart.o
    0x08002736   0x08002736   0x00000062   Code   RO         2809    i.UART_WaitOnFlagUntilTimeout  stm32l0xx_hal_uart.o
    0x08002798   0x08002798   0x00000028   Code   RO         3709    i.__0sprintf        mc_p.l(printfa.o)
    0x080027c0   0x080027c0   0x0000002e   Code   RO         3775    i.__ARM_clz         mf_p.l(depilogue.o)
    0x080027ee   0x080027ee   0x0000001a   Code   RO         2706    i.__ARM_common_switch8  stm32l0xx_hal_tim.o
    0x08002808   0x08002808   0x00000044   Code   RO          708    i.__NVIC_SetPriority  stm32l0xx_hal_cortex.o
    0x0800284c   0x0800284c   0x0000000e   Code   RO         3779    i.__scatterload_copy  mc_p.l(handlers.o)
    0x0800285a   0x0800285a   0x00000002   Code   RO         3780    i.__scatterload_null  mc_p.l(handlers.o)
    0x0800285c   0x0800285c   0x0000000e   Code   RO         3781    i.__scatterload_zeroinit  mc_p.l(handlers.o)
    0x0800286a   0x0800286a   0x00000002   PAD
    0x0800286c   0x0800286c   0x00000174   Code   RO         3714    i._fp_digits        mc_p.l(printfa.o)
    0x080029e0   0x080029e0   0x000006ec   Code   RO         3715    i._printf_core      mc_p.l(printfa.o)
    0x080030cc   0x080030cc   0x00000020   Code   RO         3716    i._printf_post_padding  mc_p.l(printfa.o)
    0x080030ec   0x080030ec   0x0000002c   Code   RO         3717    i._printf_pre_padding  mc_p.l(printfa.o)
    0x08003118   0x08003118   0x0000000a   Code   RO         3719    i._sputc            mc_p.l(printfa.o)
    0x08003122   0x08003122   0x00000002   PAD
    0x08003124   0x08003124   0x0000002c   Code   RO         3382    i.bLPUART_Transmit  lpuart.o
    0x08003150   0x08003150   0x000001d4   Code   RO         3292    i.main              main.o
    0x08003324   0x08003324   0x0000003c   Code   RO         3383    i.vLPUART_Init      lpuart.o
    0x08003360   0x08003360   0x00000008   Data   RO           19    .constdata          stm32l0538_discovery.o
    0x08003368   0x08003368   0x00000019   Data   RO         3348    .constdata          system_stm32l0xx.o
    0x08003381   0x08003381   0x00000008   Data   RO         3349    .constdata          system_stm32l0xx.o
    0x08003389   0x08003389   0x00000003   PAD
    0x0800338c   0x0800338c   0x00000020   Data   RO         3777    Region$$Table       anon$$obj.o


    Execution Region RW_IRAM1 (Exec base: 0x20000000, Load base: 0x080033ac, Size: 0x00000578, Max: 0x00002000, ABSOLUTE)

    Exec Addr    Load Addr    Size         Type   Attr      Idx    E Section Name        Object

    0x20000000   0x080033ac   0x0000000c   Data   RW           20    .data               stm32l0538_discovery.o
    0x2000000c   0x080033b8   0x00000004   Data   RW          288    .data               stm32l0xx_hal.o
    0x20000010   0x080033bc   0x0000000c   Data   RW         3295    .data               main.o
    0x2000001c   0x080033c8   0x00000004   Data   RW         3350    .data               system_stm32l0xx.o
    0x20000020   0x080033cc   0x00000001   Data   RW         3428    .data               adc.o
    0x20000021   0x080033cd   0x00000003   PAD
    0x20000024        -       0x00000046   Zero   RW         3293    .bss                main.o
    0x2000006a   0x080033cd   0x00000002   PAD
    0x2000006c        -       0x00000070   Zero   RW         3384    .bss                lpuart.o
    0x200000dc        -       0x00000098   Zero   RW         3427    .bss                adc.o
    0x20000174   0x080033cd   0x00000004   PAD
    0x20000178        -       0x00000400   Zero   RW         3337    STACK               startup_stm32l053xx.o


==============================================================================

Image component sizes


      Code (inc. data)   RO Data    RW Data    ZI Data      Debug   Object Name

       184         22          0          1        152       1537   adc.o
       122         16          0          0        112       2400   lpuart.o
       800        144          0         12         70       3087   main.o
        28          8        192          0       1024        568   startup_stm32l053xx.o
       152         32          8         12          0     394878   stm32l0538_discovery.o
       122         24          0          4          0       3391   stm32l0xx_hal.o
      1062         38          0          0          0       6168   stm32l0xx_hal_adc.o
       170          0          0          0          0       1374   stm32l0xx_hal_adc_ex.o
       180         30          0          0          0      11875   stm32l0xx_hal_cortex.o
       152          4          0          0          0       1155   stm32l0xx_hal_dma.o
       640         62          0          0          0       3629   stm32l0xx_hal_gpio.o
       200         16          0          0          0       1416   stm32l0xx_hal_msp.o
         2          0          0          0          0        458   stm32l0xx_hal_msp_template.o
      1762        120          0          0          0       6264   stm32l0xx_hal_rcc.o
       828         52          0          0          0       3173   stm32l0xx_hal_rcc_ex.o
       184         10          0          0          0       3492   stm32l0xx_hal_tim.o
        72          0          0          0          0       1092   stm32l0xx_hal_tim_ex.o
      2168         84          0          0          0      12488   stm32l0xx_hal_uart.o
       194          4          0          0          0       2012   stm32l0xx_hal_uart_ex.o
        42          6          0          0          0       2769   stm32l0xx_it.o
        84         18         33          4          0       1103   system_stm32l0xx.o

    ----------------------------------------------------------------------
      9166        690        268         36       1364     464329   Object Totals
         0          0         32          0          0          0   (incl. Generated)
        18          0          3          3          6          0   (incl. Padding)

    ----------------------------------------------------------------------

      Code (inc. data)   RO Data    RW Data    ZI Data      Debug   Library Member Name

         0          0          0          0          0          0   entry.o
         0          0          0          0          0          0   entry10a.o
         0          0          0          0          0          0   entry11a.o
         8          4          0          0          0          0   entry2.o
         4          0          0          0          0          0   entry5.o
         0          0          0          0          0          0   entry7b.o
         0          0          0          0          0          0   entry8b.o
         8          4          0          0          0          0   entry9a.o
        30          0          0          0          0          0   handlers.o
        36          8          0          0          0         68   init.o
         0          0          0          0          0          0   iusefp.o
        32          0          0          0          0         68   llshl.o
        38          0          0          0          0         68   llsshr.o
        34          0          0          0          0         68   llushr.o
      2270         94          0          0          0        472   printfa.o
        14          0          0          0          0         60   strlen.o
        30          0          0          0          0         72   strncmp.o
        44          0          0          0          0         72   uidiv.o
        96          0          0          0          0         84   uldiv.o
        40          2          0          0          0         68   cdrcmple.o
       356          4          0          0          0        140   dadd.o
       240          6          0          0          0         84   ddiv.o
       236          0          0          0          0        216   depilogue.o
        64         10          0          0          0         68   dfixul.o
       208          6          0          0          0         88   dmul.o

    ----------------------------------------------------------------------
      3794        138          0          0          0       1696   Library Totals
         6          0          0          0          0          0   (incl. Padding)

    ----------------------------------------------------------------------

      Code (inc. data)   RO Data    RW Data    ZI Data      Debug   Library Name

      2644        110          0          0          0       1032   mc_p.l
      1144         28          0          0          0        664   mf_p.l

    ----------------------------------------------------------------------
      3794        138          0          0          0       1696   Library Totals

    ----------------------------------------------------------------------

==============================================================================


      Code (inc. data)   RO Data    RW Data    ZI Data      Debug   

     12960        828        268         36       1364     462033   Grand Totals
     12960        828        268         36       1364     462033   ELF Image Totals
     12960        828        268         36          0          0   ROM Totals

==============================================================================

    Total RO  Size (Code + RO Data)                13228 (  12.92kB)
    Total RW  Size (RW Data + ZI Data)              1400 (   1.37kB)
    Total ROM Size (Code + RO Data + RW Data)      13264 (  12.95kB)

==============================================================================

